<?xml version="1.0" encoding="ISO-8859-1" ?>
<link_info>
   <banner>MSP430 Linker PC v21.6.1.LTS</banner>
   <copyright>Copyright (c) 2003-2018 Texas Instruments Incorporated</copyright>
   <link_time>0x696d3e25</link_time>
   <link_errors>0x0</link_errors>
   <output_file>sensor-pod-co2-temperature-with-drvlib.out</output_file>
   <entry_point>
      <name>_c_int00_noargs_mpu</name>
      <address>0x429a</address>
   </entry_point>
   <input_file_list>
      <input_file id="fl-2">
         <path>.\</path>
         <kind>object</kind>
         <file>I2C.obj</file>
         <name>I2C.obj</name>
      </input_file>
      <input_file id="fl-3">
         <path>.\</path>
         <kind>object</kind>
         <file>Timer.obj</file>
         <name>Timer.obj</name>
      </input_file>
      <input_file id="fl-4">
         <path>.\</path>
         <kind>object</kind>
         <file>UART.obj</file>
         <name>UART.obj</name>
      </input_file>
      <input_file id="fl-5">
         <path>.\</path>
         <kind>object</kind>
         <file>error_codes.obj</file>
         <name>error_codes.obj</name>
      </input_file>
      <input_file id="fl-6">
         <path>.\</path>
         <kind>object</kind>
         <file>hw_config.obj</file>
         <name>hw_config.obj</name>
      </input_file>
      <input_file id="fl-7">
         <path>.\</path>
         <kind>object</kind>
         <file>init_var.obj</file>
         <name>init_var.obj</name>
      </input_file>
      <input_file id="fl-8">
         <path>.\</path>
         <kind>object</kind>
         <file>main.obj</file>
         <name>main.obj</name>
      </input_file>
      <input_file id="fl-9">
         <path>.\GrLib\fonts\</path>
         <kind>object</kind>
         <file>fontcm12.obj</file>
         <name>fontcm12.obj</name>
      </input_file>
      <input_file id="fl-a">
         <path>.\GrLib\fonts\</path>
         <kind>object</kind>
         <file>fontcm12b.obj</file>
         <name>fontcm12b.obj</name>
      </input_file>
      <input_file id="fl-b">
         <path>.\GrLib\fonts\</path>
         <kind>object</kind>
         <file>fontcm12i.obj</file>
         <name>fontcm12i.obj</name>
      </input_file>
      <input_file id="fl-c">
         <path>.\GrLib\fonts\</path>
         <kind>object</kind>
         <file>fontcm14.obj</file>
         <name>fontcm14.obj</name>
      </input_file>
      <input_file id="fl-d">
         <path>.\GrLib\fonts\</path>
         <kind>object</kind>
         <file>fontcm14b.obj</file>
         <name>fontcm14b.obj</name>
      </input_file>
      <input_file id="fl-e">
         <path>.\GrLib\fonts\</path>
         <kind>object</kind>
         <file>fontcm14i.obj</file>
         <name>fontcm14i.obj</name>
      </input_file>
      <input_file id="fl-f">
         <path>.\GrLib\fonts\</path>
         <kind>object</kind>
         <file>fontcm16.obj</file>
         <name>fontcm16.obj</name>
      </input_file>
      <input_file id="fl-10">
         <path>.\GrLib\fonts\</path>
         <kind>object</kind>
         <file>fontcm16b.obj</file>
         <name>fontcm16b.obj</name>
      </input_file>
      <input_file id="fl-11">
         <path>.\GrLib\fonts\</path>
         <kind>object</kind>
         <file>fontcm16i.obj</file>
         <name>fontcm16i.obj</name>
      </input_file>
      <input_file id="fl-12">
         <path>.\GrLib\fonts\</path>
         <kind>object</kind>
         <file>fontcm18.obj</file>
         <name>fontcm18.obj</name>
      </input_file>
      <input_file id="fl-13">
         <path>.\GrLib\fonts\</path>
         <kind>object</kind>
         <file>fontcm18b.obj</file>
         <name>fontcm18b.obj</name>
      </input_file>
      <input_file id="fl-14">
         <path>.\GrLib\fonts\</path>
         <kind>object</kind>
         <file>fontcm18i.obj</file>
         <name>fontcm18i.obj</name>
      </input_file>
      <input_file id="fl-15">
         <path>.\GrLib\fonts\</path>
         <kind>object</kind>
         <file>fontcm20.obj</file>
         <name>fontcm20.obj</name>
      </input_file>
      <input_file id="fl-16">
         <path>.\GrLib\fonts\</path>
         <kind>object</kind>
         <file>fontcm20b.obj</file>
         <name>fontcm20b.obj</name>
      </input_file>
      <input_file id="fl-17">
         <path>.\GrLib\fonts\</path>
         <kind>object</kind>
         <file>fontcm20i.obj</file>
         <name>fontcm20i.obj</name>
      </input_file>
      <input_file id="fl-18">
         <path>.\GrLib\fonts\</path>
         <kind>object</kind>
         <file>fontcm22.obj</file>
         <name>fontcm22.obj</name>
      </input_file>
      <input_file id="fl-19">
         <path>.\GrLib\fonts\</path>
         <kind>object</kind>
         <file>fontcm22b.obj</file>
         <name>fontcm22b.obj</name>
      </input_file>
      <input_file id="fl-1a">
         <path>.\GrLib\fonts\</path>
         <kind>object</kind>
         <file>fontcm22i.obj</file>
         <name>fontcm22i.obj</name>
      </input_file>
      <input_file id="fl-1b">
         <path>.\GrLib\fonts\</path>
         <kind>object</kind>
         <file>fontcm24.obj</file>
         <name>fontcm24.obj</name>
      </input_file>
      <input_file id="fl-1c">
         <path>.\GrLib\fonts\</path>
         <kind>object</kind>
         <file>fontcm24b.obj</file>
         <name>fontcm24b.obj</name>
      </input_file>
      <input_file id="fl-1d">
         <path>.\GrLib\fonts\</path>
         <kind>object</kind>
         <file>fontcm24i.obj</file>
         <name>fontcm24i.obj</name>
      </input_file>
      <input_file id="fl-1e">
         <path>.\GrLib\fonts\</path>
         <kind>object</kind>
         <file>fontcm26.obj</file>
         <name>fontcm26.obj</name>
      </input_file>
      <input_file id="fl-1f">
         <path>.\GrLib\fonts\</path>
         <kind>object</kind>
         <file>fontcm26b.obj</file>
         <name>fontcm26b.obj</name>
      </input_file>
      <input_file id="fl-20">
         <path>.\GrLib\fonts\</path>
         <kind>object</kind>
         <file>fontcm26i.obj</file>
         <name>fontcm26i.obj</name>
      </input_file>
      <input_file id="fl-21">
         <path>.\GrLib\fonts\</path>
         <kind>object</kind>
         <file>fontcm28.obj</file>
         <name>fontcm28.obj</name>
      </input_file>
      <input_file id="fl-22">
         <path>.\GrLib\fonts\</path>
         <kind>object</kind>
         <file>fontcm28b.obj</file>
         <name>fontcm28b.obj</name>
      </input_file>
      <input_file id="fl-23">
         <path>.\GrLib\fonts\</path>
         <kind>object</kind>
         <file>fontcm28i.obj</file>
         <name>fontcm28i.obj</name>
      </input_file>
      <input_file id="fl-24">
         <path>.\GrLib\fonts\</path>
         <kind>object</kind>
         <file>fontcm30.obj</file>
         <name>fontcm30.obj</name>
      </input_file>
      <input_file id="fl-25">
         <path>.\GrLib\fonts\</path>
         <kind>object</kind>
         <file>fontcm30b.obj</file>
         <name>fontcm30b.obj</name>
      </input_file>
      <input_file id="fl-26">
         <path>.\GrLib\fonts\</path>
         <kind>object</kind>
         <file>fontcm30i.obj</file>
         <name>fontcm30i.obj</name>
      </input_file>
      <input_file id="fl-27">
         <path>.\GrLib\fonts\</path>
         <kind>object</kind>
         <file>fontcm32.obj</file>
         <name>fontcm32.obj</name>
      </input_file>
      <input_file id="fl-28">
         <path>.\GrLib\fonts\</path>
         <kind>object</kind>
         <file>fontcm32b.obj</file>
         <name>fontcm32b.obj</name>
      </input_file>
      <input_file id="fl-29">
         <path>.\GrLib\fonts\</path>
         <kind>object</kind>
         <file>fontcm32i.obj</file>
         <name>fontcm32i.obj</name>
      </input_file>
      <input_file id="fl-2a">
         <path>.\GrLib\fonts\</path>
         <kind>object</kind>
         <file>fontcm34.obj</file>
         <name>fontcm34.obj</name>
      </input_file>
      <input_file id="fl-2b">
         <path>.\GrLib\fonts\</path>
         <kind>object</kind>
         <file>fontcm34b.obj</file>
         <name>fontcm34b.obj</name>
      </input_file>
      <input_file id="fl-2c">
         <path>.\GrLib\fonts\</path>
         <kind>object</kind>
         <file>fontcm34i.obj</file>
         <name>fontcm34i.obj</name>
      </input_file>
      <input_file id="fl-2d">
         <path>.\GrLib\fonts\</path>
         <kind>object</kind>
         <file>fontcm36.obj</file>
         <name>fontcm36.obj</name>
      </input_file>
      <input_file id="fl-2e">
         <path>.\GrLib\fonts\</path>
         <kind>object</kind>
         <file>fontcm36b.obj</file>
         <name>fontcm36b.obj</name>
      </input_file>
      <input_file id="fl-2f">
         <path>.\GrLib\fonts\</path>
         <kind>object</kind>
         <file>fontcm36i.obj</file>
         <name>fontcm36i.obj</name>
      </input_file>
      <input_file id="fl-30">
         <path>.\GrLib\fonts\</path>
         <kind>object</kind>
         <file>fontcm38.obj</file>
         <name>fontcm38.obj</name>
      </input_file>
      <input_file id="fl-31">
         <path>.\GrLib\fonts\</path>
         <kind>object</kind>
         <file>fontcm38b.obj</file>
         <name>fontcm38b.obj</name>
      </input_file>
      <input_file id="fl-32">
         <path>.\GrLib\fonts\</path>
         <kind>object</kind>
         <file>fontcm38i.obj</file>
         <name>fontcm38i.obj</name>
      </input_file>
      <input_file id="fl-33">
         <path>.\GrLib\fonts\</path>
         <kind>object</kind>
         <file>fontcm40.obj</file>
         <name>fontcm40.obj</name>
      </input_file>
      <input_file id="fl-34">
         <path>.\GrLib\fonts\</path>
         <kind>object</kind>
         <file>fontcm40b.obj</file>
         <name>fontcm40b.obj</name>
      </input_file>
      <input_file id="fl-35">
         <path>.\GrLib\fonts\</path>
         <kind>object</kind>
         <file>fontcm40i.obj</file>
         <name>fontcm40i.obj</name>
      </input_file>
      <input_file id="fl-36">
         <path>.\GrLib\fonts\</path>
         <kind>object</kind>
         <file>fontcm42.obj</file>
         <name>fontcm42.obj</name>
      </input_file>
      <input_file id="fl-37">
         <path>.\GrLib\fonts\</path>
         <kind>object</kind>
         <file>fontcm42b.obj</file>
         <name>fontcm42b.obj</name>
      </input_file>
      <input_file id="fl-38">
         <path>.\GrLib\fonts\</path>
         <kind>object</kind>
         <file>fontcm42i.obj</file>
         <name>fontcm42i.obj</name>
      </input_file>
      <input_file id="fl-39">
         <path>.\GrLib\fonts\</path>
         <kind>object</kind>
         <file>fontcm44.obj</file>
         <name>fontcm44.obj</name>
      </input_file>
      <input_file id="fl-3a">
         <path>.\GrLib\fonts\</path>
         <kind>object</kind>
         <file>fontcm44b.obj</file>
         <name>fontcm44b.obj</name>
      </input_file>
      <input_file id="fl-3b">
         <path>.\GrLib\fonts\</path>
         <kind>object</kind>
         <file>fontcm44i.obj</file>
         <name>fontcm44i.obj</name>
      </input_file>
      <input_file id="fl-3c">
         <path>.\GrLib\fonts\</path>
         <kind>object</kind>
         <file>fontcm46.obj</file>
         <name>fontcm46.obj</name>
      </input_file>
      <input_file id="fl-3d">
         <path>.\GrLib\fonts\</path>
         <kind>object</kind>
         <file>fontcm46b.obj</file>
         <name>fontcm46b.obj</name>
      </input_file>
      <input_file id="fl-3e">
         <path>.\GrLib\fonts\</path>
         <kind>object</kind>
         <file>fontcm46i.obj</file>
         <name>fontcm46i.obj</name>
      </input_file>
      <input_file id="fl-3f">
         <path>.\GrLib\fonts\</path>
         <kind>object</kind>
         <file>fontcm48.obj</file>
         <name>fontcm48.obj</name>
      </input_file>
      <input_file id="fl-40">
         <path>.\GrLib\fonts\</path>
         <kind>object</kind>
         <file>fontcm48b.obj</file>
         <name>fontcm48b.obj</name>
      </input_file>
      <input_file id="fl-41">
         <path>.\GrLib\fonts\</path>
         <kind>object</kind>
         <file>fontcm48i.obj</file>
         <name>fontcm48i.obj</name>
      </input_file>
      <input_file id="fl-42">
         <path>.\GrLib\fonts\</path>
         <kind>object</kind>
         <file>fontcmsc12.obj</file>
         <name>fontcmsc12.obj</name>
      </input_file>
      <input_file id="fl-43">
         <path>.\GrLib\fonts\</path>
         <kind>object</kind>
         <file>fontcmsc14.obj</file>
         <name>fontcmsc14.obj</name>
      </input_file>
      <input_file id="fl-44">
         <path>.\GrLib\fonts\</path>
         <kind>object</kind>
         <file>fontcmsc16.obj</file>
         <name>fontcmsc16.obj</name>
      </input_file>
      <input_file id="fl-45">
         <path>.\GrLib\fonts\</path>
         <kind>object</kind>
         <file>fontcmsc18.obj</file>
         <name>fontcmsc18.obj</name>
      </input_file>
      <input_file id="fl-46">
         <path>.\GrLib\fonts\</path>
         <kind>object</kind>
         <file>fontcmsc20.obj</file>
         <name>fontcmsc20.obj</name>
      </input_file>
      <input_file id="fl-47">
         <path>.\GrLib\fonts\</path>
         <kind>object</kind>
         <file>fontcmsc22.obj</file>
         <name>fontcmsc22.obj</name>
      </input_file>
      <input_file id="fl-48">
         <path>.\GrLib\fonts\</path>
         <kind>object</kind>
         <file>fontcmsc24.obj</file>
         <name>fontcmsc24.obj</name>
      </input_file>
      <input_file id="fl-49">
         <path>.\GrLib\fonts\</path>
         <kind>object</kind>
         <file>fontcmsc26.obj</file>
         <name>fontcmsc26.obj</name>
      </input_file>
      <input_file id="fl-4a">
         <path>.\GrLib\fonts\</path>
         <kind>object</kind>
         <file>fontcmsc28.obj</file>
         <name>fontcmsc28.obj</name>
      </input_file>
      <input_file id="fl-4b">
         <path>.\GrLib\fonts\</path>
         <kind>object</kind>
         <file>fontcmsc30.obj</file>
         <name>fontcmsc30.obj</name>
      </input_file>
      <input_file id="fl-4c">
         <path>.\GrLib\fonts\</path>
         <kind>object</kind>
         <file>fontcmsc32.obj</file>
         <name>fontcmsc32.obj</name>
      </input_file>
      <input_file id="fl-4d">
         <path>.\GrLib\fonts\</path>
         <kind>object</kind>
         <file>fontcmsc34.obj</file>
         <name>fontcmsc34.obj</name>
      </input_file>
      <input_file id="fl-4e">
         <path>.\GrLib\fonts\</path>
         <kind>object</kind>
         <file>fontcmsc36.obj</file>
         <name>fontcmsc36.obj</name>
      </input_file>
      <input_file id="fl-4f">
         <path>.\GrLib\fonts\</path>
         <kind>object</kind>
         <file>fontcmsc38.obj</file>
         <name>fontcmsc38.obj</name>
      </input_file>
      <input_file id="fl-50">
         <path>.\GrLib\fonts\</path>
         <kind>object</kind>
         <file>fontcmsc40.obj</file>
         <name>fontcmsc40.obj</name>
      </input_file>
      <input_file id="fl-51">
         <path>.\GrLib\fonts\</path>
         <kind>object</kind>
         <file>fontcmsc42.obj</file>
         <name>fontcmsc42.obj</name>
      </input_file>
      <input_file id="fl-52">
         <path>.\GrLib\fonts\</path>
         <kind>object</kind>
         <file>fontcmsc44.obj</file>
         <name>fontcmsc44.obj</name>
      </input_file>
      <input_file id="fl-53">
         <path>.\GrLib\fonts\</path>
         <kind>object</kind>
         <file>fontcmsc46.obj</file>
         <name>fontcmsc46.obj</name>
      </input_file>
      <input_file id="fl-54">
         <path>.\GrLib\fonts\</path>
         <kind>object</kind>
         <file>fontcmsc48.obj</file>
         <name>fontcmsc48.obj</name>
      </input_file>
      <input_file id="fl-55">
         <path>.\GrLib\fonts\</path>
         <kind>object</kind>
         <file>fontcmss12.obj</file>
         <name>fontcmss12.obj</name>
      </input_file>
      <input_file id="fl-56">
         <path>.\GrLib\fonts\</path>
         <kind>object</kind>
         <file>fontcmss12b.obj</file>
         <name>fontcmss12b.obj</name>
      </input_file>
      <input_file id="fl-57">
         <path>.\GrLib\fonts\</path>
         <kind>object</kind>
         <file>fontcmss12i.obj</file>
         <name>fontcmss12i.obj</name>
      </input_file>
      <input_file id="fl-58">
         <path>.\GrLib\fonts\</path>
         <kind>object</kind>
         <file>fontcmss14.obj</file>
         <name>fontcmss14.obj</name>
      </input_file>
      <input_file id="fl-59">
         <path>.\GrLib\fonts\</path>
         <kind>object</kind>
         <file>fontcmss14b.obj</file>
         <name>fontcmss14b.obj</name>
      </input_file>
      <input_file id="fl-5a">
         <path>.\GrLib\fonts\</path>
         <kind>object</kind>
         <file>fontcmss14i.obj</file>
         <name>fontcmss14i.obj</name>
      </input_file>
      <input_file id="fl-5b">
         <path>.\GrLib\fonts\</path>
         <kind>object</kind>
         <file>fontcmss16.obj</file>
         <name>fontcmss16.obj</name>
      </input_file>
      <input_file id="fl-5c">
         <path>.\GrLib\fonts\</path>
         <kind>object</kind>
         <file>fontcmss16b.obj</file>
         <name>fontcmss16b.obj</name>
      </input_file>
      <input_file id="fl-5d">
         <path>.\GrLib\fonts\</path>
         <kind>object</kind>
         <file>fontcmss16i.obj</file>
         <name>fontcmss16i.obj</name>
      </input_file>
      <input_file id="fl-5e">
         <path>.\GrLib\fonts\</path>
         <kind>object</kind>
         <file>fontcmss18.obj</file>
         <name>fontcmss18.obj</name>
      </input_file>
      <input_file id="fl-5f">
         <path>.\GrLib\fonts\</path>
         <kind>object</kind>
         <file>fontcmss18b.obj</file>
         <name>fontcmss18b.obj</name>
      </input_file>
      <input_file id="fl-60">
         <path>.\GrLib\fonts\</path>
         <kind>object</kind>
         <file>fontcmss18i.obj</file>
         <name>fontcmss18i.obj</name>
      </input_file>
      <input_file id="fl-61">
         <path>.\GrLib\fonts\</path>
         <kind>object</kind>
         <file>fontcmss20.obj</file>
         <name>fontcmss20.obj</name>
      </input_file>
      <input_file id="fl-62">
         <path>.\GrLib\fonts\</path>
         <kind>object</kind>
         <file>fontcmss20b.obj</file>
         <name>fontcmss20b.obj</name>
      </input_file>
      <input_file id="fl-63">
         <path>.\GrLib\fonts\</path>
         <kind>object</kind>
         <file>fontcmss20i.obj</file>
         <name>fontcmss20i.obj</name>
      </input_file>
      <input_file id="fl-64">
         <path>.\GrLib\fonts\</path>
         <kind>object</kind>
         <file>fontcmss22.obj</file>
         <name>fontcmss22.obj</name>
      </input_file>
      <input_file id="fl-65">
         <path>.\GrLib\fonts\</path>
         <kind>object</kind>
         <file>fontcmss22b.obj</file>
         <name>fontcmss22b.obj</name>
      </input_file>
      <input_file id="fl-66">
         <path>.\GrLib\fonts\</path>
         <kind>object</kind>
         <file>fontcmss22i.obj</file>
         <name>fontcmss22i.obj</name>
      </input_file>
      <input_file id="fl-67">
         <path>.\GrLib\fonts\</path>
         <kind>object</kind>
         <file>fontcmss24.obj</file>
         <name>fontcmss24.obj</name>
      </input_file>
      <input_file id="fl-68">
         <path>.\GrLib\fonts\</path>
         <kind>object</kind>
         <file>fontcmss24b.obj</file>
         <name>fontcmss24b.obj</name>
      </input_file>
      <input_file id="fl-69">
         <path>.\GrLib\fonts\</path>
         <kind>object</kind>
         <file>fontcmss24i.obj</file>
         <name>fontcmss24i.obj</name>
      </input_file>
      <input_file id="fl-6a">
         <path>.\GrLib\fonts\</path>
         <kind>object</kind>
         <file>fontcmss26.obj</file>
         <name>fontcmss26.obj</name>
      </input_file>
      <input_file id="fl-6b">
         <path>.\GrLib\fonts\</path>
         <kind>object</kind>
         <file>fontcmss26b.obj</file>
         <name>fontcmss26b.obj</name>
      </input_file>
      <input_file id="fl-6c">
         <path>.\GrLib\fonts\</path>
         <kind>object</kind>
         <file>fontcmss26i.obj</file>
         <name>fontcmss26i.obj</name>
      </input_file>
      <input_file id="fl-6d">
         <path>.\GrLib\fonts\</path>
         <kind>object</kind>
         <file>fontcmss28.obj</file>
         <name>fontcmss28.obj</name>
      </input_file>
      <input_file id="fl-6e">
         <path>.\GrLib\fonts\</path>
         <kind>object</kind>
         <file>fontcmss28b.obj</file>
         <name>fontcmss28b.obj</name>
      </input_file>
      <input_file id="fl-6f">
         <path>.\GrLib\fonts\</path>
         <kind>object</kind>
         <file>fontcmss28i.obj</file>
         <name>fontcmss28i.obj</name>
      </input_file>
      <input_file id="fl-70">
         <path>.\GrLib\fonts\</path>
         <kind>object</kind>
         <file>fontcmss30.obj</file>
         <name>fontcmss30.obj</name>
      </input_file>
      <input_file id="fl-71">
         <path>.\GrLib\fonts\</path>
         <kind>object</kind>
         <file>fontcmss30b.obj</file>
         <name>fontcmss30b.obj</name>
      </input_file>
      <input_file id="fl-72">
         <path>.\GrLib\fonts\</path>
         <kind>object</kind>
         <file>fontcmss30i.obj</file>
         <name>fontcmss30i.obj</name>
      </input_file>
      <input_file id="fl-73">
         <path>.\GrLib\fonts\</path>
         <kind>object</kind>
         <file>fontcmss32.obj</file>
         <name>fontcmss32.obj</name>
      </input_file>
      <input_file id="fl-74">
         <path>.\GrLib\fonts\</path>
         <kind>object</kind>
         <file>fontcmss32b.obj</file>
         <name>fontcmss32b.obj</name>
      </input_file>
      <input_file id="fl-75">
         <path>.\GrLib\fonts\</path>
         <kind>object</kind>
         <file>fontcmss32i.obj</file>
         <name>fontcmss32i.obj</name>
      </input_file>
      <input_file id="fl-76">
         <path>.\GrLib\fonts\</path>
         <kind>object</kind>
         <file>fontcmss34.obj</file>
         <name>fontcmss34.obj</name>
      </input_file>
      <input_file id="fl-77">
         <path>.\GrLib\fonts\</path>
         <kind>object</kind>
         <file>fontcmss34b.obj</file>
         <name>fontcmss34b.obj</name>
      </input_file>
      <input_file id="fl-78">
         <path>.\GrLib\fonts\</path>
         <kind>object</kind>
         <file>fontcmss34i.obj</file>
         <name>fontcmss34i.obj</name>
      </input_file>
      <input_file id="fl-79">
         <path>.\GrLib\fonts\</path>
         <kind>object</kind>
         <file>fontcmss36.obj</file>
         <name>fontcmss36.obj</name>
      </input_file>
      <input_file id="fl-7a">
         <path>.\GrLib\fonts\</path>
         <kind>object</kind>
         <file>fontcmss36b.obj</file>
         <name>fontcmss36b.obj</name>
      </input_file>
      <input_file id="fl-7b">
         <path>.\GrLib\fonts\</path>
         <kind>object</kind>
         <file>fontcmss36i.obj</file>
         <name>fontcmss36i.obj</name>
      </input_file>
      <input_file id="fl-7c">
         <path>.\GrLib\fonts\</path>
         <kind>object</kind>
         <file>fontcmss38.obj</file>
         <name>fontcmss38.obj</name>
      </input_file>
      <input_file id="fl-7d">
         <path>.\GrLib\fonts\</path>
         <kind>object</kind>
         <file>fontcmss38b.obj</file>
         <name>fontcmss38b.obj</name>
      </input_file>
      <input_file id="fl-7e">
         <path>.\GrLib\fonts\</path>
         <kind>object</kind>
         <file>fontcmss38i.obj</file>
         <name>fontcmss38i.obj</name>
      </input_file>
      <input_file id="fl-7f">
         <path>.\GrLib\fonts\</path>
         <kind>object</kind>
         <file>fontcmss40.obj</file>
         <name>fontcmss40.obj</name>
      </input_file>
      <input_file id="fl-80">
         <path>.\GrLib\fonts\</path>
         <kind>object</kind>
         <file>fontcmss40b.obj</file>
         <name>fontcmss40b.obj</name>
      </input_file>
      <input_file id="fl-81">
         <path>.\GrLib\fonts\</path>
         <kind>object</kind>
         <file>fontcmss40i.obj</file>
         <name>fontcmss40i.obj</name>
      </input_file>
      <input_file id="fl-82">
         <path>.\GrLib\fonts\</path>
         <kind>object</kind>
         <file>fontcmss42.obj</file>
         <name>fontcmss42.obj</name>
      </input_file>
      <input_file id="fl-83">
         <path>.\GrLib\fonts\</path>
         <kind>object</kind>
         <file>fontcmss42b.obj</file>
         <name>fontcmss42b.obj</name>
      </input_file>
      <input_file id="fl-84">
         <path>.\GrLib\fonts\</path>
         <kind>object</kind>
         <file>fontcmss42i.obj</file>
         <name>fontcmss42i.obj</name>
      </input_file>
      <input_file id="fl-85">
         <path>.\GrLib\fonts\</path>
         <kind>object</kind>
         <file>fontcmss44.obj</file>
         <name>fontcmss44.obj</name>
      </input_file>
      <input_file id="fl-86">
         <path>.\GrLib\fonts\</path>
         <kind>object</kind>
         <file>fontcmss44b.obj</file>
         <name>fontcmss44b.obj</name>
      </input_file>
      <input_file id="fl-87">
         <path>.\GrLib\fonts\</path>
         <kind>object</kind>
         <file>fontcmss44i.obj</file>
         <name>fontcmss44i.obj</name>
      </input_file>
      <input_file id="fl-88">
         <path>.\GrLib\fonts\</path>
         <kind>object</kind>
         <file>fontcmss46.obj</file>
         <name>fontcmss46.obj</name>
      </input_file>
      <input_file id="fl-89">
         <path>.\GrLib\fonts\</path>
         <kind>object</kind>
         <file>fontcmss46b.obj</file>
         <name>fontcmss46b.obj</name>
      </input_file>
      <input_file id="fl-8a">
         <path>.\GrLib\fonts\</path>
         <kind>object</kind>
         <file>fontcmss46i.obj</file>
         <name>fontcmss46i.obj</name>
      </input_file>
      <input_file id="fl-8b">
         <path>.\GrLib\fonts\</path>
         <kind>object</kind>
         <file>fontcmss48.obj</file>
         <name>fontcmss48.obj</name>
      </input_file>
      <input_file id="fl-8c">
         <path>.\GrLib\fonts\</path>
         <kind>object</kind>
         <file>fontcmss48b.obj</file>
         <name>fontcmss48b.obj</name>
      </input_file>
      <input_file id="fl-8d">
         <path>.\GrLib\fonts\</path>
         <kind>object</kind>
         <file>fontcmss48i.obj</file>
         <name>fontcmss48i.obj</name>
      </input_file>
      <input_file id="fl-8e">
         <path>.\GrLib\fonts\</path>
         <kind>object</kind>
         <file>fontcmtt12.obj</file>
         <name>fontcmtt12.obj</name>
      </input_file>
      <input_file id="fl-8f">
         <path>.\GrLib\fonts\</path>
         <kind>object</kind>
         <file>fontcmtt14.obj</file>
         <name>fontcmtt14.obj</name>
      </input_file>
      <input_file id="fl-90">
         <path>.\GrLib\fonts\</path>
         <kind>object</kind>
         <file>fontcmtt16.obj</file>
         <name>fontcmtt16.obj</name>
      </input_file>
      <input_file id="fl-91">
         <path>.\GrLib\fonts\</path>
         <kind>object</kind>
         <file>fontcmtt18.obj</file>
         <name>fontcmtt18.obj</name>
      </input_file>
      <input_file id="fl-92">
         <path>.\GrLib\fonts\</path>
         <kind>object</kind>
         <file>fontcmtt20.obj</file>
         <name>fontcmtt20.obj</name>
      </input_file>
      <input_file id="fl-93">
         <path>.\GrLib\fonts\</path>
         <kind>object</kind>
         <file>fontcmtt22.obj</file>
         <name>fontcmtt22.obj</name>
      </input_file>
      <input_file id="fl-94">
         <path>.\GrLib\fonts\</path>
         <kind>object</kind>
         <file>fontcmtt24.obj</file>
         <name>fontcmtt24.obj</name>
      </input_file>
      <input_file id="fl-95">
         <path>.\GrLib\fonts\</path>
         <kind>object</kind>
         <file>fontcmtt26.obj</file>
         <name>fontcmtt26.obj</name>
      </input_file>
      <input_file id="fl-96">
         <path>.\GrLib\fonts\</path>
         <kind>object</kind>
         <file>fontcmtt28.obj</file>
         <name>fontcmtt28.obj</name>
      </input_file>
      <input_file id="fl-97">
         <path>.\GrLib\fonts\</path>
         <kind>object</kind>
         <file>fontcmtt30.obj</file>
         <name>fontcmtt30.obj</name>
      </input_file>
      <input_file id="fl-98">
         <path>.\GrLib\fonts\</path>
         <kind>object</kind>
         <file>fontcmtt32.obj</file>
         <name>fontcmtt32.obj</name>
      </input_file>
      <input_file id="fl-99">
         <path>.\GrLib\fonts\</path>
         <kind>object</kind>
         <file>fontcmtt34.obj</file>
         <name>fontcmtt34.obj</name>
      </input_file>
      <input_file id="fl-9a">
         <path>.\GrLib\fonts\</path>
         <kind>object</kind>
         <file>fontcmtt36.obj</file>
         <name>fontcmtt36.obj</name>
      </input_file>
      <input_file id="fl-9b">
         <path>.\GrLib\fonts\</path>
         <kind>object</kind>
         <file>fontcmtt38.obj</file>
         <name>fontcmtt38.obj</name>
      </input_file>
      <input_file id="fl-9c">
         <path>.\GrLib\fonts\</path>
         <kind>object</kind>
         <file>fontcmtt40.obj</file>
         <name>fontcmtt40.obj</name>
      </input_file>
      <input_file id="fl-9d">
         <path>.\GrLib\fonts\</path>
         <kind>object</kind>
         <file>fontcmtt42.obj</file>
         <name>fontcmtt42.obj</name>
      </input_file>
      <input_file id="fl-9e">
         <path>.\GrLib\fonts\</path>
         <kind>object</kind>
         <file>fontcmtt44.obj</file>
         <name>fontcmtt44.obj</name>
      </input_file>
      <input_file id="fl-9f">
         <path>.\GrLib\fonts\</path>
         <kind>object</kind>
         <file>fontcmtt46.obj</file>
         <name>fontcmtt46.obj</name>
      </input_file>
      <input_file id="fl-a0">
         <path>.\GrLib\fonts\</path>
         <kind>object</kind>
         <file>fontcmtt48.obj</file>
         <name>fontcmtt48.obj</name>
      </input_file>
      <input_file id="fl-a1">
         <path>.\GrLib\fonts\</path>
         <kind>object</kind>
         <file>fontfixed6x8.obj</file>
         <name>fontfixed6x8.obj</name>
      </input_file>
      <input_file id="fl-a2">
         <path>.\GrLib\grlib\</path>
         <kind>object</kind>
         <file>button.obj</file>
         <name>button.obj</name>
      </input_file>
      <input_file id="fl-a3">
         <path>.\GrLib\grlib\</path>
         <kind>object</kind>
         <file>checkbox.obj</file>
         <name>checkbox.obj</name>
      </input_file>
      <input_file id="fl-a4">
         <path>.\GrLib\grlib\</path>
         <kind>object</kind>
         <file>circle.obj</file>
         <name>circle.obj</name>
      </input_file>
      <input_file id="fl-a5">
         <path>.\GrLib\grlib\</path>
         <kind>object</kind>
         <file>context.obj</file>
         <name>context.obj</name>
      </input_file>
      <input_file id="fl-a6">
         <path>.\GrLib\grlib\</path>
         <kind>object</kind>
         <file>display.obj</file>
         <name>display.obj</name>
      </input_file>
      <input_file id="fl-a7">
         <path>.\GrLib\grlib\</path>
         <kind>object</kind>
         <file>image.obj</file>
         <name>image.obj</name>
      </input_file>
      <input_file id="fl-a8">
         <path>.\GrLib\grlib\</path>
         <kind>object</kind>
         <file>imageButton.obj</file>
         <name>imageButton.obj</name>
      </input_file>
      <input_file id="fl-a9">
         <path>.\GrLib\grlib\</path>
         <kind>object</kind>
         <file>line.obj</file>
         <name>line.obj</name>
      </input_file>
      <input_file id="fl-aa">
         <path>.\GrLib\grlib\</path>
         <kind>object</kind>
         <file>radioButton.obj</file>
         <name>radioButton.obj</name>
      </input_file>
      <input_file id="fl-ab">
         <path>.\GrLib\grlib\</path>
         <kind>object</kind>
         <file>rectangle.obj</file>
         <name>rectangle.obj</name>
      </input_file>
      <input_file id="fl-ac">
         <path>.\GrLib\grlib\</path>
         <kind>object</kind>
         <file>string.obj</file>
         <name>string.obj</name>
      </input_file>
      <input_file id="fl-ad">
         <path>.\Lcd_Driver\</path>
         <kind>object</kind>
         <file>Template_Driver.obj</file>
         <name>Template_Driver.obj</name>
      </input_file>
      <input_file id="fl-ae">
         <path>.\driverlib\MSP430FR5xx_6xx\</path>
         <kind>object</kind>
         <file>adc12_b.obj</file>
         <name>adc12_b.obj</name>
      </input_file>
      <input_file id="fl-af">
         <path>.\driverlib\MSP430FR5xx_6xx\</path>
         <kind>object</kind>
         <file>aes256.obj</file>
         <name>aes256.obj</name>
      </input_file>
      <input_file id="fl-b0">
         <path>.\driverlib\MSP430FR5xx_6xx\</path>
         <kind>object</kind>
         <file>comp_e.obj</file>
         <name>comp_e.obj</name>
      </input_file>
      <input_file id="fl-b1">
         <path>.\driverlib\MSP430FR5xx_6xx\</path>
         <kind>object</kind>
         <file>crc.obj</file>
         <name>crc.obj</name>
      </input_file>
      <input_file id="fl-b2">
         <path>.\driverlib\MSP430FR5xx_6xx\</path>
         <kind>object</kind>
         <file>crc32.obj</file>
         <name>crc32.obj</name>
      </input_file>
      <input_file id="fl-b3">
         <path>.\driverlib\MSP430FR5xx_6xx\</path>
         <kind>object</kind>
         <file>cs.obj</file>
         <name>cs.obj</name>
      </input_file>
      <input_file id="fl-b4">
         <path>.\driverlib\MSP430FR5xx_6xx\</path>
         <kind>object</kind>
         <file>dma.obj</file>
         <name>dma.obj</name>
      </input_file>
      <input_file id="fl-b5">
         <path>.\driverlib\MSP430FR5xx_6xx\</path>
         <kind>object</kind>
         <file>esi.obj</file>
         <name>esi.obj</name>
      </input_file>
      <input_file id="fl-b6">
         <path>.\driverlib\MSP430FR5xx_6xx\</path>
         <kind>object</kind>
         <file>eusci_a_spi.obj</file>
         <name>eusci_a_spi.obj</name>
      </input_file>
      <input_file id="fl-b7">
         <path>.\driverlib\MSP430FR5xx_6xx\</path>
         <kind>object</kind>
         <file>eusci_a_uart.obj</file>
         <name>eusci_a_uart.obj</name>
      </input_file>
      <input_file id="fl-b8">
         <path>.\driverlib\MSP430FR5xx_6xx\</path>
         <kind>object</kind>
         <file>eusci_b_i2c.obj</file>
         <name>eusci_b_i2c.obj</name>
      </input_file>
      <input_file id="fl-b9">
         <path>.\driverlib\MSP430FR5xx_6xx\</path>
         <kind>object</kind>
         <file>eusci_b_spi.obj</file>
         <name>eusci_b_spi.obj</name>
      </input_file>
      <input_file id="fl-ba">
         <path>.\driverlib\MSP430FR5xx_6xx\</path>
         <kind>object</kind>
         <file>framctl.obj</file>
         <name>framctl.obj</name>
      </input_file>
      <input_file id="fl-bb">
         <path>.\driverlib\MSP430FR5xx_6xx\</path>
         <kind>object</kind>
         <file>gpio.obj</file>
         <name>gpio.obj</name>
      </input_file>
      <input_file id="fl-bc">
         <path>.\driverlib\MSP430FR5xx_6xx\</path>
         <kind>object</kind>
         <file>lcd_c.obj</file>
         <name>lcd_c.obj</name>
      </input_file>
      <input_file id="fl-bd">
         <path>.\driverlib\MSP430FR5xx_6xx\</path>
         <kind>object</kind>
         <file>mpu.obj</file>
         <name>mpu.obj</name>
      </input_file>
      <input_file id="fl-be">
         <path>.\driverlib\MSP430FR5xx_6xx\</path>
         <kind>object</kind>
         <file>mpy32.obj</file>
         <name>mpy32.obj</name>
      </input_file>
      <input_file id="fl-bf">
         <path>.\driverlib\MSP430FR5xx_6xx\</path>
         <kind>object</kind>
         <file>pmm.obj</file>
         <name>pmm.obj</name>
      </input_file>
      <input_file id="fl-c0">
         <path>.\driverlib\MSP430FR5xx_6xx\</path>
         <kind>object</kind>
         <file>ram.obj</file>
         <name>ram.obj</name>
      </input_file>
      <input_file id="fl-c1">
         <path>.\driverlib\MSP430FR5xx_6xx\</path>
         <kind>object</kind>
         <file>ref_a.obj</file>
         <name>ref_a.obj</name>
      </input_file>
      <input_file id="fl-c2">
         <path>.\driverlib\MSP430FR5xx_6xx\</path>
         <kind>object</kind>
         <file>rtc_b.obj</file>
         <name>rtc_b.obj</name>
      </input_file>
      <input_file id="fl-c3">
         <path>.\driverlib\MSP430FR5xx_6xx\</path>
         <kind>object</kind>
         <file>rtc_c.obj</file>
         <name>rtc_c.obj</name>
      </input_file>
      <input_file id="fl-c4">
         <path>.\driverlib\MSP430FR5xx_6xx\</path>
         <kind>object</kind>
         <file>sfr.obj</file>
         <name>sfr.obj</name>
      </input_file>
      <input_file id="fl-c5">
         <path>.\driverlib\MSP430FR5xx_6xx\</path>
         <kind>object</kind>
         <file>sysctl.obj</file>
         <name>sysctl.obj</name>
      </input_file>
      <input_file id="fl-c6">
         <path>.\driverlib\MSP430FR5xx_6xx\</path>
         <kind>object</kind>
         <file>timer_a.obj</file>
         <name>timer_a.obj</name>
      </input_file>
      <input_file id="fl-c7">
         <path>.\driverlib\MSP430FR5xx_6xx\</path>
         <kind>object</kind>
         <file>timer_b.obj</file>
         <name>timer_b.obj</name>
      </input_file>
      <input_file id="fl-c8">
         <path>.\driverlib\MSP430FR5xx_6xx\</path>
         <kind>object</kind>
         <file>tlv.obj</file>
         <name>tlv.obj</name>
      </input_file>
      <input_file id="fl-c9">
         <path>.\driverlib\MSP430FR5xx_6xx\</path>
         <kind>object</kind>
         <file>wdt_a.obj</file>
         <name>wdt_a.obj</name>
      </input_file>
      <input_file id="fl-d0">
         <kind>object</kind>
         <file>&lt;internal&gt;</file>
         <name>&lt;internal&gt;</name>
      </input_file>
      <input_file id="fl-f0">
         <path>C:\ti\ccs1250\ccs\tools\compiler\ti-cgt-msp430_21.6.1.LTS\lib\</path>
         <kind>archive</kind>
         <file>rts430x_lc_ld_eabi.lib</file>
         <name>copy_decompress_lzss.c.obj</name>
      </input_file>
      <input_file id="fl-f1">
         <path>C:\ti\ccs1250\ccs\tools\compiler\ti-cgt-msp430_21.6.1.LTS\lib\</path>
         <kind>archive</kind>
         <file>rts430x_lc_ld_eabi.lib</file>
         <name>copy_decompress_none.c.obj</name>
      </input_file>
      <input_file id="fl-f2">
         <path>C:\ti\ccs1250\ccs\tools\compiler\ti-cgt-msp430_21.6.1.LTS\lib\</path>
         <kind>archive</kind>
         <file>rts430x_lc_ld_eabi.lib</file>
         <name>int19.asm.obj</name>
      </input_file>
      <input_file id="fl-f3">
         <path>C:\ti\ccs1250\ccs\tools\compiler\ti-cgt-msp430_21.6.1.LTS\lib\</path>
         <kind>archive</kind>
         <file>rts430x_lc_ld_eabi.lib</file>
         <name>isr_trap.asm.obj</name>
      </input_file>
      <input_file id="fl-f4">
         <path>C:\ti\ccs1250\ccs\tools\compiler\ti-cgt-msp430_21.6.1.LTS\lib\</path>
         <kind>archive</kind>
         <file>rts430x_lc_ld_eabi.lib</file>
         <name>int20.asm.obj</name>
      </input_file>
      <input_file id="fl-f5">
         <path>C:\ti\ccs1250\ccs\tools\compiler\ti-cgt-msp430_21.6.1.LTS\lib\</path>
         <kind>archive</kind>
         <file>rts430x_lc_ld_eabi.lib</file>
         <name>int21.asm.obj</name>
      </input_file>
      <input_file id="fl-f6">
         <path>C:\ti\ccs1250\ccs\tools\compiler\ti-cgt-msp430_21.6.1.LTS\lib\</path>
         <kind>archive</kind>
         <file>rts430x_lc_ld_eabi.lib</file>
         <name>int22.asm.obj</name>
      </input_file>
      <input_file id="fl-f7">
         <path>C:\ti\ccs1250\ccs\tools\compiler\ti-cgt-msp430_21.6.1.LTS\lib\</path>
         <kind>archive</kind>
         <file>rts430x_lc_ld_eabi.lib</file>
         <name>int24.asm.obj</name>
      </input_file>
      <input_file id="fl-f8">
         <path>C:\ti\ccs1250\ccs\tools\compiler\ti-cgt-msp430_21.6.1.LTS\lib\</path>
         <kind>archive</kind>
         <file>rts430x_lc_ld_eabi.lib</file>
         <name>int25.asm.obj</name>
      </input_file>
      <input_file id="fl-f9">
         <path>C:\ti\ccs1250\ccs\tools\compiler\ti-cgt-msp430_21.6.1.LTS\lib\</path>
         <kind>archive</kind>
         <file>rts430x_lc_ld_eabi.lib</file>
         <name>int26.asm.obj</name>
      </input_file>
      <input_file id="fl-fa">
         <path>C:\ti\ccs1250\ccs\tools\compiler\ti-cgt-msp430_21.6.1.LTS\lib\</path>
         <kind>archive</kind>
         <file>rts430x_lc_ld_eabi.lib</file>
         <name>int27.asm.obj</name>
      </input_file>
      <input_file id="fl-fb">
         <path>C:\ti\ccs1250\ccs\tools\compiler\ti-cgt-msp430_21.6.1.LTS\lib\</path>
         <kind>archive</kind>
         <file>rts430x_lc_ld_eabi.lib</file>
         <name>int28.asm.obj</name>
      </input_file>
      <input_file id="fl-fc">
         <path>C:\ti\ccs1250\ccs\tools\compiler\ti-cgt-msp430_21.6.1.LTS\lib\</path>
         <kind>archive</kind>
         <file>rts430x_lc_ld_eabi.lib</file>
         <name>int29.asm.obj</name>
      </input_file>
      <input_file id="fl-fd">
         <path>C:\ti\ccs1250\ccs\tools\compiler\ti-cgt-msp430_21.6.1.LTS\lib\</path>
         <kind>archive</kind>
         <file>rts430x_lc_ld_eabi.lib</file>
         <name>int30.asm.obj</name>
      </input_file>
      <input_file id="fl-fe">
         <path>C:\ti\ccs1250\ccs\tools\compiler\ti-cgt-msp430_21.6.1.LTS\lib\</path>
         <kind>archive</kind>
         <file>rts430x_lc_ld_eabi.lib</file>
         <name>int31.asm.obj</name>
      </input_file>
      <input_file id="fl-ff">
         <path>C:\ti\ccs1250\ccs\tools\compiler\ti-cgt-msp430_21.6.1.LTS\lib\</path>
         <kind>archive</kind>
         <file>rts430x_lc_ld_eabi.lib</file>
         <name>int32.asm.obj</name>
      </input_file>
      <input_file id="fl-100">
         <path>C:\ti\ccs1250\ccs\tools\compiler\ti-cgt-msp430_21.6.1.LTS\lib\</path>
         <kind>archive</kind>
         <file>rts430x_lc_ld_eabi.lib</file>
         <name>int33.asm.obj</name>
      </input_file>
      <input_file id="fl-101">
         <path>C:\ti\ccs1250\ccs\tools\compiler\ti-cgt-msp430_21.6.1.LTS\lib\</path>
         <kind>archive</kind>
         <file>rts430x_lc_ld_eabi.lib</file>
         <name>int34.asm.obj</name>
      </input_file>
      <input_file id="fl-102">
         <path>C:\ti\ccs1250\ccs\tools\compiler\ti-cgt-msp430_21.6.1.LTS\lib\</path>
         <kind>archive</kind>
         <file>rts430x_lc_ld_eabi.lib</file>
         <name>int35.asm.obj</name>
      </input_file>
      <input_file id="fl-103">
         <path>C:\ti\ccs1250\ccs\tools\compiler\ti-cgt-msp430_21.6.1.LTS\lib\</path>
         <kind>archive</kind>
         <file>rts430x_lc_ld_eabi.lib</file>
         <name>int36.asm.obj</name>
      </input_file>
      <input_file id="fl-104">
         <path>C:\ti\ccs1250\ccs\tools\compiler\ti-cgt-msp430_21.6.1.LTS\lib\</path>
         <kind>archive</kind>
         <file>rts430x_lc_ld_eabi.lib</file>
         <name>int37.asm.obj</name>
      </input_file>
      <input_file id="fl-105">
         <path>C:\ti\ccs1250\ccs\tools\compiler\ti-cgt-msp430_21.6.1.LTS\lib\</path>
         <kind>archive</kind>
         <file>rts430x_lc_ld_eabi.lib</file>
         <name>int38.asm.obj</name>
      </input_file>
      <input_file id="fl-106">
         <path>C:\ti\ccs1250\ccs\tools\compiler\ti-cgt-msp430_21.6.1.LTS\lib\</path>
         <kind>archive</kind>
         <file>rts430x_lc_ld_eabi.lib</file>
         <name>int39.asm.obj</name>
      </input_file>
      <input_file id="fl-107">
         <path>C:\ti\ccs1250\ccs\tools\compiler\ti-cgt-msp430_21.6.1.LTS\lib\</path>
         <kind>archive</kind>
         <file>rts430x_lc_ld_eabi.lib</file>
         <name>int40.asm.obj</name>
      </input_file>
      <input_file id="fl-108">
         <path>C:\ti\ccs1250\ccs\tools\compiler\ti-cgt-msp430_21.6.1.LTS\lib\</path>
         <kind>archive</kind>
         <file>rts430x_lc_ld_eabi.lib</file>
         <name>int41.asm.obj</name>
      </input_file>
      <input_file id="fl-109">
         <path>C:\ti\ccs1250\ccs\tools\compiler\ti-cgt-msp430_21.6.1.LTS\lib\</path>
         <kind>archive</kind>
         <file>rts430x_lc_ld_eabi.lib</file>
         <name>int42.asm.obj</name>
      </input_file>
      <input_file id="fl-10a">
         <path>C:\ti\ccs1250\ccs\tools\compiler\ti-cgt-msp430_21.6.1.LTS\lib\</path>
         <kind>archive</kind>
         <file>rts430x_lc_ld_eabi.lib</file>
         <name>int44.asm.obj</name>
      </input_file>
      <input_file id="fl-10b">
         <path>C:\ti\ccs1250\ccs\tools\compiler\ti-cgt-msp430_21.6.1.LTS\lib\</path>
         <kind>archive</kind>
         <file>rts430x_lc_ld_eabi.lib</file>
         <name>int46.asm.obj</name>
      </input_file>
      <input_file id="fl-10c">
         <path>C:\ti\ccs1250\ccs\tools\compiler\ti-cgt-msp430_21.6.1.LTS\lib\</path>
         <kind>archive</kind>
         <file>rts430x_lc_ld_eabi.lib</file>
         <name>int47.asm.obj</name>
      </input_file>
      <input_file id="fl-10d">
         <path>C:\ti\ccs1250\ccs\tools\compiler\ti-cgt-msp430_21.6.1.LTS\lib\</path>
         <kind>archive</kind>
         <file>rts430x_lc_ld_eabi.lib</file>
         <name>int48.asm.obj</name>
      </input_file>
      <input_file id="fl-10e">
         <path>C:\ti\ccs1250\ccs\tools\compiler\ti-cgt-msp430_21.6.1.LTS\lib\</path>
         <kind>archive</kind>
         <file>rts430x_lc_ld_eabi.lib</file>
         <name>int49.asm.obj</name>
      </input_file>
      <input_file id="fl-10f">
         <path>C:\ti\ccs1250\ccs\tools\compiler\ti-cgt-msp430_21.6.1.LTS\lib\</path>
         <kind>archive</kind>
         <file>rts430x_lc_ld_eabi.lib</file>
         <name>int50.asm.obj</name>
      </input_file>
      <input_file id="fl-110">
         <path>C:\ti\ccs1250\ccs\tools\compiler\ti-cgt-msp430_21.6.1.LTS\lib\</path>
         <kind>archive</kind>
         <file>rts430x_lc_ld_eabi.lib</file>
         <name>int51.asm.obj</name>
      </input_file>
      <input_file id="fl-111">
         <path>C:\ti\ccs1250\ccs\tools\compiler\ti-cgt-msp430_21.6.1.LTS\lib\</path>
         <kind>archive</kind>
         <file>rts430x_lc_ld_eabi.lib</file>
         <name>int52.asm.obj</name>
      </input_file>
      <input_file id="fl-112">
         <path>C:\ti\ccs1250\ccs\tools\compiler\ti-cgt-msp430_21.6.1.LTS\lib\</path>
         <kind>archive</kind>
         <file>rts430x_lc_ld_eabi.lib</file>
         <name>int53.asm.obj</name>
      </input_file>
      <input_file id="fl-113">
         <path>C:\ti\ccs1250\ccs\tools\compiler\ti-cgt-msp430_21.6.1.LTS\lib\</path>
         <kind>archive</kind>
         <file>rts430x_lc_ld_eabi.lib</file>
         <name>int54.asm.obj</name>
      </input_file>
      <input_file id="fl-114">
         <path>C:\ti\ccs1250\ccs\tools\compiler\ti-cgt-msp430_21.6.1.LTS\lib\</path>
         <kind>archive</kind>
         <file>rts430x_lc_ld_eabi.lib</file>
         <name>copy_zero_init.c.obj</name>
      </input_file>
      <input_file id="fl-115">
         <path>C:\ti\ccs1250\ccs\tools\compiler\ti-cgt-msp430_21.6.1.LTS\lib\</path>
         <kind>archive</kind>
         <file>rts430x_lc_ld_eabi.lib</file>
         <name>fs_div.asm.obj</name>
      </input_file>
      <input_file id="fl-116">
         <path>C:\ti\ccs1250\ccs\tools\compiler\ti-cgt-msp430_21.6.1.LTS\lib\</path>
         <kind>archive</kind>
         <file>rts430x_lc_ld_eabi.lib</file>
         <name>div16s.asm.obj</name>
      </input_file>
      <input_file id="fl-117">
         <path>C:\ti\ccs1250\ccs\tools\compiler\ti-cgt-msp430_21.6.1.LTS\lib\</path>
         <kind>archive</kind>
         <file>rts430x_lc_ld_eabi.lib</file>
         <name>div32s.asm.obj</name>
      </input_file>
      <input_file id="fl-118">
         <path>C:\ti\ccs1250\ccs\tools\compiler\ti-cgt-msp430_21.6.1.LTS\lib\</path>
         <kind>archive</kind>
         <file>rts430x_lc_ld_eabi.lib</file>
         <name>div16u.asm.obj</name>
      </input_file>
      <input_file id="fl-119">
         <path>C:\ti\ccs1250\ccs\tools\compiler\ti-cgt-msp430_21.6.1.LTS\lib\</path>
         <kind>archive</kind>
         <file>rts430x_lc_ld_eabi.lib</file>
         <name>div32u.asm.obj</name>
      </input_file>
      <input_file id="fl-11a">
         <path>C:\ti\ccs1250\ccs\tools\compiler\ti-cgt-msp430_21.6.1.LTS\lib\</path>
         <kind>archive</kind>
         <file>rts430x_lc_ld_eabi.lib</file>
         <name>fs_toi.asm.obj</name>
      </input_file>
      <input_file id="fl-11b">
         <path>C:\ti\ccs1250\ccs\tools\compiler\ti-cgt-msp430_21.6.1.LTS\lib\</path>
         <kind>archive</kind>
         <file>rts430x_lc_ld_eabi.lib</file>
         <name>fs_tou.asm.obj</name>
      </input_file>
      <input_file id="fl-11c">
         <path>C:\ti\ccs1250\ccs\tools\compiler\ti-cgt-msp430_21.6.1.LTS\lib\</path>
         <kind>archive</kind>
         <file>rts430x_lc_ld_eabi.lib</file>
         <name>fs_toul.asm.obj</name>
      </input_file>
      <input_file id="fl-11d">
         <path>C:\ti\ccs1250\ccs\tools\compiler\ti-cgt-msp430_21.6.1.LTS\lib\</path>
         <kind>archive</kind>
         <file>rts430x_lc_ld_eabi.lib</file>
         <name>fs_utof.asm.obj</name>
      </input_file>
      <input_file id="fl-11e">
         <path>C:\ti\ccs1250\ccs\tools\compiler\ti-cgt-msp430_21.6.1.LTS\lib\</path>
         <kind>archive</kind>
         <file>rts430x_lc_ld_eabi.lib</file>
         <name>fs_ultof.asm.obj</name>
      </input_file>
      <input_file id="fl-11f">
         <path>C:\ti\ccs1250\ccs\tools\compiler\ti-cgt-msp430_21.6.1.LTS\lib\</path>
         <kind>archive</kind>
         <file>rts430x_lc_ld_eabi.lib</file>
         <name>mult16.asm.obj</name>
      </input_file>
      <input_file id="fl-120">
         <path>C:\ti\ccs1250\ccs\tools\compiler\ti-cgt-msp430_21.6.1.LTS\lib\</path>
         <kind>archive</kind>
         <file>rts430x_lc_ld_eabi.lib</file>
         <name>mult16_f5hw.asm.obj</name>
      </input_file>
      <input_file id="fl-121">
         <path>C:\ti\ccs1250\ccs\tools\compiler\ti-cgt-msp430_21.6.1.LTS\lib\</path>
         <kind>archive</kind>
         <file>rts430x_lc_ld_eabi.lib</file>
         <name>mult32.asm.obj</name>
      </input_file>
      <input_file id="fl-122">
         <path>C:\ti\ccs1250\ccs\tools\compiler\ti-cgt-msp430_21.6.1.LTS\lib\</path>
         <kind>archive</kind>
         <file>rts430x_lc_ld_eabi.lib</file>
         <name>mult32_f5hw.asm.obj</name>
      </input_file>
      <input_file id="fl-123">
         <path>C:\ti\ccs1250\ccs\tools\compiler\ti-cgt-msp430_21.6.1.LTS\lib\</path>
         <kind>archive</kind>
         <file>rts430x_lc_ld_eabi.lib</file>
         <name>mult64_f5hw.asm.obj</name>
      </input_file>
      <input_file id="fl-124">
         <path>C:\ti\ccs1250\ccs\tools\compiler\ti-cgt-msp430_21.6.1.LTS\lib\</path>
         <kind>archive</kind>
         <file>rts430x_lc_ld_eabi.lib</file>
         <name>mult1632_f5hw.asm.obj</name>
      </input_file>
      <input_file id="fl-125">
         <path>C:\ti\ccs1250\ccs\tools\compiler\ti-cgt-msp430_21.6.1.LTS\lib\</path>
         <kind>archive</kind>
         <file>rts430x_lc_ld_eabi.lib</file>
         <name>mult3264_f5hw.asm.obj</name>
      </input_file>
      <input_file id="fl-126">
         <path>C:\ti\ccs1250\ccs\tools\compiler\ti-cgt-msp430_21.6.1.LTS\lib\</path>
         <kind>archive</kind>
         <file>rts430x_lc_ld_eabi.lib</file>
         <name>lsl16.asm.obj</name>
      </input_file>
      <input_file id="fl-127">
         <path>C:\ti\ccs1250\ccs\tools\compiler\ti-cgt-msp430_21.6.1.LTS\lib\</path>
         <kind>archive</kind>
         <file>rts430x_lc_ld_eabi.lib</file>
         <name>lsl32.asm.obj</name>
      </input_file>
      <input_file id="fl-128">
         <path>C:\ti\ccs1250\ccs\tools\compiler\ti-cgt-msp430_21.6.1.LTS\lib\</path>
         <kind>archive</kind>
         <file>rts430x_lc_ld_eabi.lib</file>
         <name>lsr32.asm.obj</name>
      </input_file>
      <input_file id="fl-129">
         <path>C:\ti\ccs1250\ccs\tools\compiler\ti-cgt-msp430_21.6.1.LTS\lib\</path>
         <kind>archive</kind>
         <file>rts430x_lc_ld_eabi.lib</file>
         <name>lsr64.c.obj</name>
      </input_file>
      <input_file id="fl-12a">
         <path>C:\ti\ccs1250\ccs\tools\compiler\ti-cgt-msp430_21.6.1.LTS\lib\</path>
         <kind>archive</kind>
         <file>rts430x_lc_ld_eabi.lib</file>
         <name>boot.c.obj</name>
      </input_file>
      <input_file id="fl-12b">
         <path>C:\ti\ccs1250\ccs\ccs_base\msp430\lib\FR59xx\</path>
         <kind>archive</kind>
         <file>MSPMPU_INIT_LIB_CCS_msp430_large_code_large_data.lib</file>
         <name>mpu_init.o</name>
      </input_file>
      <input_file id="fl-12c">
         <path>C:\ti\ccs1250\ccs\tools\compiler\ti-cgt-msp430_21.6.1.LTS\lib\</path>
         <kind>archive</kind>
         <file>rts430x_lc_ld_eabi.lib</file>
         <name>args_main.c.obj</name>
      </input_file>
      <input_file id="fl-12d">
         <path>C:\ti\ccs1250\ccs\tools\compiler\ti-cgt-msp430_21.6.1.LTS\lib\</path>
         <kind>archive</kind>
         <file>rts430x_lc_ld_eabi.lib</file>
         <name>autoinit.c.obj</name>
      </input_file>
      <input_file id="fl-12e">
         <path>C:\ti\ccs1250\ccs\tools\compiler\ti-cgt-msp430_21.6.1.LTS\lib\</path>
         <kind>archive</kind>
         <file>rts430x_lc_ld_eabi.lib</file>
         <name>asr32.asm.obj</name>
      </input_file>
      <input_file id="fl-12f">
         <path>C:\ti\ccs1250\ccs\tools\compiler\ti-cgt-msp430_21.6.1.LTS\lib\</path>
         <kind>archive</kind>
         <file>rts430x_lc_ld_eabi.lib</file>
         <name>startup.c.obj</name>
      </input_file>
      <input_file id="fl-130">
         <path>C:\ti\ccs1250\ccs\tools\compiler\ti-cgt-msp430_21.6.1.LTS\lib\</path>
         <kind>archive</kind>
         <file>rts430x_lc_ld_eabi.lib</file>
         <name>pre_init.c.obj</name>
      </input_file>
      <input_file id="fl-131">
         <path>C:\ti\ccs1250\ccs\tools\compiler\ti-cgt-msp430_21.6.1.LTS\lib\</path>
         <kind>archive</kind>
         <file>rts430x_lc_ld_eabi.lib</file>
         <name>cpy_tbl.c.obj</name>
      </input_file>
      <input_file id="fl-132">
         <path>C:\ti\ccs1250\ccs\tools\compiler\ti-cgt-msp430_21.6.1.LTS\lib\</path>
         <kind>archive</kind>
         <file>rts430x_lc_ld_eabi.lib</file>
         <name>exit.c.obj</name>
      </input_file>
      <input_file id="fl-133">
         <path>C:\ti\ccs1250\ccs\tools\compiler\ti-cgt-msp430_21.6.1.LTS\lib\</path>
         <kind>archive</kind>
         <file>rts430x_lc_ld_eabi.lib</file>
         <name>exit_gvars.c.obj</name>
      </input_file>
      <input_file id="fl-134">
         <path>C:\ti\ccs1250\ccs\tools\compiler\ti-cgt-msp430_21.6.1.LTS\lib\</path>
         <kind>archive</kind>
         <file>rts430x_lc_ld_eabi.lib</file>
         <name>_lock.c.obj</name>
      </input_file>
      <input_file id="fl-135">
         <path>C:\ti\ccs1250\ccs\tools\compiler\ti-cgt-msp430_21.6.1.LTS\lib\</path>
         <kind>archive</kind>
         <file>rts430x_lc_ld_eabi.lib</file>
         <name>memcpy.c.obj</name>
      </input_file>
      <input_file id="fl-136">
         <path>C:\ti\ccs1250\ccs\tools\compiler\ti-cgt-msp430_21.6.1.LTS\lib\</path>
         <kind>archive</kind>
         <file>rts430x_lc_ld_eabi.lib</file>
         <name>s_roundf.c.obj</name>
      </input_file>
      <input_file id="fl-137">
         <path>C:\ti\ccs1250\ccs\tools\compiler\ti-cgt-msp430_21.6.1.LTS\lib\</path>
         <kind>archive</kind>
         <file>rts430x_lc_ld_eabi.lib</file>
         <name>fs_add.asm.obj</name>
      </input_file>
      <input_file id="fl-138">
         <path>C:\ti\ccs1250\ccs\tools\compiler\ti-cgt-msp430_21.6.1.LTS\lib\</path>
         <kind>archive</kind>
         <file>rts430x_lc_ld_eabi.lib</file>
         <name>fs_cmp.asm.obj</name>
      </input_file>
      <input_file id="fl-139">
         <path>C:\ti\ccs1250\ccs\tools\compiler\ti-cgt-msp430_21.6.1.LTS\lib\</path>
         <kind>archive</kind>
         <file>rts430x_lc_ld_eabi.lib</file>
         <name>fs_neg.asm.obj</name>
      </input_file>
      <input_file id="fl-13a">
         <path>C:\ti\ccs1250\ccs\tools\compiler\ti-cgt-msp430_21.6.1.LTS\lib\</path>
         <kind>archive</kind>
         <file>rts430x_lc_ld_eabi.lib</file>
         <name>s_floorf.c.obj</name>
      </input_file>
      <input_file id="fl-13b">
         <path>C:\ti\ccs1250\ccs\tools\compiler\ti-cgt-msp430_21.6.1.LTS\lib\</path>
         <kind>archive</kind>
         <file>rts430x_lc_ld_eabi.lib</file>
         <name>snprintf.c.obj</name>
      </input_file>
      <input_file id="fl-13c">
         <path>C:\ti\ccs1250\ccs\tools\compiler\ti-cgt-msp430_21.6.1.LTS\lib\</path>
         <kind>archive</kind>
         <file>rts430x_lc_ld_eabi.lib</file>
         <name>_printfi.c.obj</name>
      </input_file>
      <input_file id="fl-13d">
         <path>C:\ti\ccs1250\ccs\tools\compiler\ti-cgt-msp430_21.6.1.LTS\lib\</path>
         <kind>archive</kind>
         <file>rts430x_lc_ld_eabi.lib</file>
         <name>_ltoa.c.obj</name>
      </input_file>
      <input_file id="fl-13e">
         <path>C:\ti\ccs1250\ccs\tools\compiler\ti-cgt-msp430_21.6.1.LTS\lib\</path>
         <kind>archive</kind>
         <file>rts430x_lc_ld_eabi.lib</file>
         <name>cmpd.c.obj</name>
      </input_file>
      <input_file id="fl-13f">
         <path>C:\ti\ccs1250\ccs\tools\compiler\ti-cgt-msp430_21.6.1.LTS\lib\</path>
         <kind>archive</kind>
         <file>rts430x_lc_ld_eabi.lib</file>
         <name>divd.c.obj</name>
      </input_file>
      <input_file id="fl-140">
         <path>C:\ti\ccs1250\ccs\tools\compiler\ti-cgt-msp430_21.6.1.LTS\lib\</path>
         <kind>archive</kind>
         <file>rts430x_lc_ld_eabi.lib</file>
         <name>frcdivd.c.obj</name>
      </input_file>
      <input_file id="fl-141">
         <path>C:\ti\ccs1250\ccs\tools\compiler\ti-cgt-msp430_21.6.1.LTS\lib\</path>
         <kind>archive</kind>
         <file>rts430x_lc_ld_eabi.lib</file>
         <name>div64u.c.obj</name>
      </input_file>
      <input_file id="fl-142">
         <path>C:\ti\ccs1250\ccs\tools\compiler\ti-cgt-msp430_21.6.1.LTS\lib\</path>
         <kind>archive</kind>
         <file>rts430x_lc_ld_eabi.lib</file>
         <name>fixdi.c.obj</name>
      </input_file>
      <input_file id="fl-143">
         <path>C:\ti\ccs1250\ccs\tools\compiler\ti-cgt-msp430_21.6.1.LTS\lib\</path>
         <kind>archive</kind>
         <file>rts430x_lc_ld_eabi.lib</file>
         <name>fixdli.c.obj</name>
      </input_file>
      <input_file id="fl-144">
         <path>C:\ti\ccs1250\ccs\tools\compiler\ti-cgt-msp430_21.6.1.LTS\lib\</path>
         <kind>archive</kind>
         <file>rts430x_lc_ld_eabi.lib</file>
         <name>fltid.c.obj</name>
      </input_file>
      <input_file id="fl-145">
         <path>C:\ti\ccs1250\ccs\tools\compiler\ti-cgt-msp430_21.6.1.LTS\lib\</path>
         <kind>archive</kind>
         <file>rts430x_lc_ld_eabi.lib</file>
         <name>fltlid.c.obj</name>
      </input_file>
      <input_file id="fl-146">
         <path>C:\ti\ccs1250\ccs\tools\compiler\ti-cgt-msp430_21.6.1.LTS\lib\</path>
         <kind>archive</kind>
         <file>rts430x_lc_ld_eabi.lib</file>
         <name>mpyd.c.obj</name>
      </input_file>
      <input_file id="fl-147">
         <path>C:\ti\ccs1250\ccs\tools\compiler\ti-cgt-msp430_21.6.1.LTS\lib\</path>
         <kind>archive</kind>
         <file>rts430x_lc_ld_eabi.lib</file>
         <name>frcmpyd.c.obj</name>
      </input_file>
      <input_file id="fl-148">
         <path>C:\ti\ccs1250\ccs\tools\compiler\ti-cgt-msp430_21.6.1.LTS\lib\</path>
         <kind>archive</kind>
         <file>rts430x_lc_ld_eabi.lib</file>
         <name>mult64.asm.obj</name>
      </input_file>
      <input_file id="fl-149">
         <path>C:\ti\ccs1250\ccs\tools\compiler\ti-cgt-msp430_21.6.1.LTS\lib\</path>
         <kind>archive</kind>
         <file>rts430x_lc_ld_eabi.lib</file>
         <name>mult1632.asm.obj</name>
      </input_file>
      <input_file id="fl-14a">
         <path>C:\ti\ccs1250\ccs\tools\compiler\ti-cgt-msp430_21.6.1.LTS\lib\</path>
         <kind>archive</kind>
         <file>rts430x_lc_ld_eabi.lib</file>
         <name>mult3264.asm.obj</name>
      </input_file>
      <input_file id="fl-14b">
         <path>C:\ti\ccs1250\ccs\tools\compiler\ti-cgt-msp430_21.6.1.LTS\lib\</path>
         <kind>archive</kind>
         <file>rts430x_lc_ld_eabi.lib</file>
         <name>negd.c.obj</name>
      </input_file>
      <input_file id="fl-14c">
         <path>C:\ti\ccs1250\ccs\tools\compiler\ti-cgt-msp430_21.6.1.LTS\lib\</path>
         <kind>archive</kind>
         <file>rts430x_lc_ld_eabi.lib</file>
         <name>lsl64.c.obj</name>
      </input_file>
      <input_file id="fl-14d">
         <path>C:\ti\ccs1250\ccs\tools\compiler\ti-cgt-msp430_21.6.1.LTS\lib\</path>
         <kind>archive</kind>
         <file>rts430x_lc_ld_eabi.lib</file>
         <name>subd.c.obj</name>
      </input_file>
      <input_file id="fl-14e">
         <path>C:\ti\ccs1250\ccs\tools\compiler\ti-cgt-msp430_21.6.1.LTS\lib\</path>
         <kind>archive</kind>
         <file>rts430x_lc_ld_eabi.lib</file>
         <name>addd.c.obj</name>
      </input_file>
      <input_file id="fl-14f">
         <path>C:\ti\ccs1250\ccs\tools\compiler\ti-cgt-msp430_21.6.1.LTS\lib\</path>
         <kind>archive</kind>
         <file>rts430x_lc_ld_eabi.lib</file>
         <name>asr64.c.obj</name>
      </input_file>
      <input_file id="fl-150">
         <path>C:\ti\ccs1250\ccs\tools\compiler\ti-cgt-msp430_21.6.1.LTS\lib\</path>
         <kind>archive</kind>
         <file>rts430x_lc_ld_eabi.lib</file>
         <name>abs.c.obj</name>
      </input_file>
      <input_file id="fl-151">
         <path>C:\ti\ccs1250\ccs\tools\compiler\ti-cgt-msp430_21.6.1.LTS\lib\</path>
         <kind>archive</kind>
         <file>rts430x_lc_ld_eabi.lib</file>
         <name>atoi.c.obj</name>
      </input_file>
      <input_file id="fl-152">
         <path>C:\ti\ccs1250\ccs\tools\compiler\ti-cgt-msp430_21.6.1.LTS\lib\</path>
         <kind>archive</kind>
         <file>rts430x_lc_ld_eabi.lib</file>
         <name>ctype.c.obj</name>
      </input_file>
      <input_file id="fl-153">
         <path>C:\ti\ccs1250\ccs\tools\compiler\ti-cgt-msp430_21.6.1.LTS\lib\</path>
         <kind>archive</kind>
         <file>rts430x_lc_ld_eabi.lib</file>
         <name>errno.c.obj</name>
      </input_file>
      <input_file id="fl-154">
         <path>C:\ti\ccs1250\ccs\tools\compiler\ti-cgt-msp430_21.6.1.LTS\lib\</path>
         <kind>archive</kind>
         <file>rts430x_lc_ld_eabi.lib</file>
         <name>s_frexp.c.obj</name>
      </input_file>
      <input_file id="fl-155">
         <path>C:\ti\ccs1250\ccs\tools\compiler\ti-cgt-msp430_21.6.1.LTS\lib\</path>
         <kind>archive</kind>
         <file>rts430x_lc_ld_eabi.lib</file>
         <name>s_scalbn.c.obj</name>
      </input_file>
      <input_file id="fl-156">
         <path>C:\ti\ccs1250\ccs\tools\compiler\ti-cgt-msp430_21.6.1.LTS\lib\</path>
         <kind>archive</kind>
         <file>rts430x_lc_ld_eabi.lib</file>
         <name>s_copysign.c.obj</name>
      </input_file>
      <input_file id="fl-157">
         <path>C:\ti\ccs1250\ccs\tools\compiler\ti-cgt-msp430_21.6.1.LTS\lib\</path>
         <kind>archive</kind>
         <file>rts430x_lc_ld_eabi.lib</file>
         <name>memccpy.c.obj</name>
      </input_file>
      <input_file id="fl-158">
         <path>C:\ti\ccs1250\ccs\tools\compiler\ti-cgt-msp430_21.6.1.LTS\lib\</path>
         <kind>archive</kind>
         <file>rts430x_lc_ld_eabi.lib</file>
         <name>memset.c.obj</name>
      </input_file>
      <input_file id="fl-159">
         <path>C:\ti\ccs1250\ccs\tools\compiler\ti-cgt-msp430_21.6.1.LTS\lib\</path>
         <kind>archive</kind>
         <file>rts430x_lc_ld_eabi.lib</file>
         <name>strchr.c.obj</name>
      </input_file>
      <input_file id="fl-15a">
         <path>C:\ti\ccs1250\ccs\tools\compiler\ti-cgt-msp430_21.6.1.LTS\lib\</path>
         <kind>archive</kind>
         <file>rts430x_lc_ld_eabi.lib</file>
         <name>strcpy.c.obj</name>
      </input_file>
      <input_file id="fl-15b">
         <path>C:\ti\ccs1250\ccs\tools\compiler\ti-cgt-msp430_21.6.1.LTS\lib\</path>
         <kind>archive</kind>
         <file>rts430x_lc_ld_eabi.lib</file>
         <name>strlen.c.obj</name>
      </input_file>
      <input_file id="fl-15c">
         <path>C:\ti\ccs1250\ccs\tools\compiler\ti-cgt-msp430_21.6.1.LTS\lib\</path>
         <kind>archive</kind>
         <file>rts430x_lc_ld_eabi.lib</file>
         <name>strtoul.c.obj</name>
      </input_file>
      <input_file id="fl-15d">
         <path>C:\ti\ccs1250\ccs\tools\compiler\ti-cgt-msp430_21.6.1.LTS\lib\</path>
         <kind>archive</kind>
         <file>rts430x_lc_ld_eabi.lib</file>
         <name>toupper.c.obj</name>
      </input_file>
      <input_file id="fl-15e">
         <path>C:\ti\ccs1250\ccs\tools\compiler\ti-cgt-msp430_21.6.1.LTS\lib\</path>
         <kind>archive</kind>
         <file>rts430x_lc_ld_eabi.lib</file>
         <name>wcslen.c.obj</name>
      </input_file>
   </input_file_list>
   <object_component_list>
      <object_component id="oc-996">
         <name>.cinit..data.load</name>
         <load_address>0x42c2</load_address>
         <run_address>0x42c2</run_address>
         <size>0x1d</size>
      </object_component>
      <object_component id="oc-993">
         <name>__TI_handler_table</name>
         <load_address>0x42e0</load_address>
         <run_address>0x42e0</run_address>
         <size>0xc</size>
      </object_component>
      <object_component id="oc-995">
         <name>.cinit..bss.load</name>
         <load_address>0x42ec</load_address>
         <run_address>0x42ec</run_address>
         <size>0x6</size>
      </object_component>
      <object_component id="oc-994">
         <name>__TI_cinit_table</name>
         <load_address>0x42f2</load_address>
         <run_address>0x42f2</run_address>
         <size>0x10</size>
      </object_component>
      <object_component id="oc-924">
         <name>.binit</name>
         <load_address>0x4000</load_address>
         <run_address>0x4000</run_address>
         <size>0x0</size>
      </object_component>
      <object_component id="oc-6aa">
         <name>.text:_isr:USCI_A1_Handler</name>
         <load_address>0x4000</load_address>
         <run_address>0x4000</run_address>
         <size>0x146</size>
         <input_file_ref idref="fl-4"/>
      </object_component>
      <object_component id="oc-6a4">
         <name>.text:_isr:USCI_B1_ISR</name>
         <load_address>0x4146</load_address>
         <run_address>0x4146</run_address>
         <size>0xaa</size>
         <input_file_ref idref="fl-2"/>
      </object_component>
      <object_component id="oc-6b0">
         <name>.text:_isr:half_mil</name>
         <load_address>0x41f0</load_address>
         <run_address>0x41f0</run_address>
         <size>0xaa</size>
         <input_file_ref idref="fl-3"/>
      </object_component>
      <object_component id="oc-6e0">
         <name>.text:_isr:_c_int00_noargs_mpu</name>
         <load_address>0x429a</load_address>
         <run_address>0x429a</run_address>
         <size>0x20</size>
         <input_file_ref idref="fl-12a"/>
      </object_component>
      <object_component id="oc-69f">
         <name>.text:_isr:__TI_ISR_TRAP</name>
         <load_address>0x42ba</load_address>
         <run_address>0x42ba</run_address>
         <size>0x8</size>
         <input_file_ref idref="fl-f3"/>
      </object_component>
      <object_component id="oc-784">
         <name>.text:init_hardware</name>
         <load_address>0x10000</load_address>
         <run_address>0x10000</run_address>
         <size>0x156</size>
         <input_file_ref idref="fl-6"/>
      </object_component>
      <object_component id="oc-72f">
         <name>.text:main</name>
         <load_address>0x10156</load_address>
         <run_address>0x10156</run_address>
         <size>0x152</size>
         <input_file_ref idref="fl-8"/>
      </object_component>
      <object_component id="oc-8aa">
         <name>.text</name>
         <load_address>0x102a8</load_address>
         <run_address>0x102a8</run_address>
         <size>0x132</size>
         <input_file_ref idref="fl-137"/>
      </object_component>
      <object_component id="oc-716">
         <name>.text:UART_RX_byte</name>
         <load_address>0x103da</load_address>
         <run_address>0x103da</run_address>
         <size>0x106</size>
         <input_file_ref idref="fl-4"/>
      </object_component>
      <object_component id="oc-8af">
         <name>.text:floorf</name>
         <load_address>0x104e0</load_address>
         <run_address>0x104e0</run_address>
         <size>0xdc</size>
         <input_file_ref idref="fl-13a"/>
      </object_component>
      <object_component id="oc-799">
         <name>.text:I2C_parse_RX_DATA</name>
         <load_address>0x105bc</load_address>
         <run_address>0x105bc</run_address>
         <size>0xb8</size>
         <input_file_ref idref="fl-2"/>
      </object_component>
      <object_component id="oc-80f">
         <name>.text:roundf</name>
         <load_address>0x10674</load_address>
         <run_address>0x10674</run_address>
         <size>0xa6</size>
         <input_file_ref idref="fl-136"/>
      </object_component>
      <object_component id="oc-808">
         <name>.text:I2C_parse_READ_DATA_element</name>
         <load_address>0x1071a</load_address>
         <run_address>0x1071a</run_address>
         <size>0x9e</size>
         <input_file_ref idref="fl-2"/>
      </object_component>
      <object_component id="oc-7de">
         <name>.text:__TI_auto_init_nobinit_nopinit_hold_wdt:__TI_auto_init_nobinit_nopinit_hold_wdt</name>
         <load_address>0x107b8</load_address>
         <run_address>0x107b8</run_address>
         <size>0x78</size>
         <input_file_ref idref="fl-12d"/>
      </object_component>
      <object_component id="oc-81">
         <name>.text:decompress:lzss:__TI_decompress_lzss</name>
         <load_address>0x10830</load_address>
         <run_address>0x10830</run_address>
         <size>0x76</size>
         <input_file_ref idref="fl-f0"/>
      </object_component>
      <object_component id="oc-831">
         <name>.text:I2C_load_TX_DATA</name>
         <load_address>0x108a6</load_address>
         <run_address>0x108a6</run_address>
         <size>0x68</size>
         <input_file_ref idref="fl-2"/>
      </object_component>
      <object_component id="oc-81a">
         <name>.text</name>
         <load_address>0x1090e</load_address>
         <run_address>0x1090e</run_address>
         <size>0x68</size>
         <input_file_ref idref="fl-11a"/>
      </object_component>
      <object_component id="oc-7b1">
         <name>.text:SCD_init</name>
         <load_address>0x10976</load_address>
         <run_address>0x10976</run_address>
         <size>0x60</size>
         <input_file_ref idref="fl-8"/>
      </object_component>
      <object_component id="oc-81f">
         <name>.text:add_to_RX_READINGS</name>
         <load_address>0x109d6</load_address>
         <run_address>0x109d6</run_address>
         <size>0x52</size>
         <input_file_ref idref="fl-2"/>
      </object_component>
      <object_component id="oc-82a">
         <name>.text:I2C_load_RX_DATA</name>
         <load_address>0x10a28</load_address>
         <run_address>0x10a28</run_address>
         <size>0x4a</size>
         <input_file_ref idref="fl-2"/>
      </object_component>
      <object_component id="oc-8b5">
         <name>.text</name>
         <load_address>0x10a72</load_address>
         <run_address>0x10a72</run_address>
         <size>0x4a</size>
         <input_file_ref idref="fl-138"/>
      </object_component>
      <object_component id="oc-8ca">
         <name>.text:I2C_update_peak_time</name>
         <load_address>0x10abc</load_address>
         <run_address>0x10abc</run_address>
         <size>0x48</size>
         <input_file_ref idref="fl-2"/>
      </object_component>
      <object_component id="oc-815">
         <name>.text</name>
         <load_address>0x10b04</load_address>
         <run_address>0x10b04</run_address>
         <size>0x46</size>
         <input_file_ref idref="fl-11b"/>
      </object_component>
      <object_component id="oc-876">
         <name>.text:l_asr_const</name>
         <load_address>0x10b4a</load_address>
         <run_address>0x10b4a</run_address>
         <size>0x3e</size>
         <input_file_ref idref="fl-12e"/>
      </object_component>
      <object_component id="oc-89e">
         <name>.text:l_lsl_const</name>
         <load_address>0x10b88</load_address>
         <run_address>0x10b88</run_address>
         <size>0x3e</size>
         <input_file_ref idref="fl-127"/>
      </object_component>
      <object_component id="oc-692">
         <name>.text:memcpy</name>
         <load_address>0x10bc6</load_address>
         <run_address>0x10bc6</run_address>
         <size>0x3c</size>
         <input_file_ref idref="fl-135"/>
      </object_component>
      <object_component id="oc-790">
         <name>.text:timer_A_init</name>
         <load_address>0x10c02</load_address>
         <run_address>0x10c02</run_address>
         <size>0x38</size>
         <input_file_ref idref="fl-3"/>
      </object_component>
      <object_component id="oc-741">
         <name>.text:__mpu_init</name>
         <load_address>0x10c3a</load_address>
         <run_address>0x10c3a</run_address>
         <size>0x2c</size>
         <input_file_ref idref="fl-12b"/>
      </object_component>
      <object_component id="oc-8a3">
         <name>.text:Sensirion_checksum_calculation</name>
         <load_address>0x10c66</load_address>
         <run_address>0x10c66</run_address>
         <size>0x26</size>
         <input_file_ref idref="fl-2"/>
      </object_component>
      <object_component id="oc-844">
         <name>.text:Sensirion_toggle_automatic_self_calibration</name>
         <load_address>0x10c8c</load_address>
         <run_address>0x10c8c</run_address>
         <size>0x24</size>
         <input_file_ref idref="fl-2"/>
      </object_component>
      <object_component id="oc-6b6">
         <name>.text:decompress:ZI:__TI_zero_init_nomemset:__TI_zero_init_nomemset</name>
         <load_address>0x10cb0</load_address>
         <run_address>0x10cb0</run_address>
         <size>0x24</size>
         <input_file_ref idref="fl-114"/>
      </object_component>
      <object_component id="oc-84a">
         <name>.text:Sensirion_set_temperature_offset</name>
         <load_address>0x10cd4</load_address>
         <run_address>0x10cd4</run_address>
         <size>0x1c</size>
         <input_file_ref idref="fl-2"/>
      </object_component>
      <object_component id="oc-83e">
         <name>.text:Sensirion_trigger_continuous_measurement</name>
         <load_address>0x10cf0</load_address>
         <run_address>0x10cf0</run_address>
         <size>0x1c</size>
         <input_file_ref idref="fl-2"/>
      </object_component>
      <object_component id="oc-850">
         <name>.text:Sensirion_set_altitude_compensation</name>
         <load_address>0x10d0c</load_address>
         <run_address>0x10d0c</run_address>
         <size>0x18</size>
         <input_file_ref idref="fl-2"/>
      </object_component>
      <object_component id="oc-78a">
         <name>.text:UCB1_I2C_init_master</name>
         <load_address>0x10d24</load_address>
         <run_address>0x10d24</run_address>
         <size>0x18</size>
         <input_file_ref idref="fl-2"/>
      </object_component>
      <object_component id="oc-839">
         <name>.text</name>
         <load_address>0x10d3c</load_address>
         <run_address>0x10d3c</run_address>
         <size>0x18</size>
         <input_file_ref idref="fl-120"/>
      </object_component>
      <object_component id="oc-87">
         <name>.text:decompress:none:__TI_decompress_none</name>
         <load_address>0x10d54</load_address>
         <run_address>0x10d54</run_address>
         <size>0x16</size>
         <input_file_ref idref="fl-f1"/>
      </object_component>
      <object_component id="oc-79f">
         <name>.text:Sensirion_read_measurement_RX</name>
         <load_address>0x10d6a</load_address>
         <run_address>0x10d6a</run_address>
         <size>0x12</size>
         <input_file_ref idref="fl-2"/>
      </object_component>
      <object_component id="oc-8ff">
         <name>.text:l_asr</name>
         <load_address>0x10d7c</load_address>
         <run_address>0x10d7c</run_address>
         <size>0x10</size>
         <input_file_ref idref="fl-12e"/>
      </object_component>
      <object_component id="oc-856">
         <name>.text:wait_ms</name>
         <load_address>0x10d8c</load_address>
         <run_address>0x10d8c</run_address>
         <size>0xe</size>
         <input_file_ref idref="fl-3"/>
      </object_component>
      <object_component id="oc-7a5">
         <name>.text:Sensirion_read_measurement_TX</name>
         <load_address>0x10d9a</load_address>
         <run_address>0x10d9a</run_address>
         <size>0xc</size>
         <input_file_ref idref="fl-2"/>
      </object_component>
      <object_component id="oc-7ab">
         <name>.text:Sensirion_stop_continuous_measurement</name>
         <load_address>0x10da6</load_address>
         <run_address>0x10da6</run_address>
         <size>0xc</size>
         <input_file_ref idref="fl-2"/>
      </object_component>
      <object_component id="oc-8ba">
         <name>.text</name>
         <load_address>0x10db2</load_address>
         <run_address>0x10db2</run_address>
         <size>0xa</size>
         <input_file_ref idref="fl-139"/>
      </object_component>
      <object_component id="oc-7ba">
         <name>.text:abort</name>
         <load_address>0x10dbc</load_address>
         <run_address>0x10dbc</run_address>
         <size>0x6</size>
         <input_file_ref idref="fl-132"/>
      </object_component>
      <object_component id="oc-729">
         <name>.text:_system_pre_init</name>
         <load_address>0x10dc2</load_address>
         <run_address>0x10dc2</run_address>
         <size>0x4</size>
         <input_file_ref idref="fl-130"/>
      </object_component>
      <object_component id="oc-87b">
         <name>.text:_system_post_cinit</name>
         <load_address>0x10dc6</load_address>
         <run_address>0x10dc6</run_address>
         <size>0x2</size>
         <input_file_ref idref="fl-12f"/>
      </object_component>
      <object_component id="oc-70a">
         <name>.common:I2C_TX_DATA</name>
         <uninitialized>true</uninitialized>
         <run_address>0x1d08</run_address>
         <size>0x6</size>
      </object_component>
      <object_component id="oc-70d">
         <name>.common:I2C_RX_DATA</name>
         <uninitialized>true</uninitialized>
         <run_address>0x1cd2</run_address>
         <size>0x12</size>
      </object_component>
      <object_component id="oc-8c3">
         <name>.common:I2C_RX_READINGS</name>
         <uninitialized>true</uninitialized>
[...]
      <symbol id="sm-7a0">
         <name>HUMIDITY</name>
         <value>0x1c67</value>
         <object_component_ref idref="oc-70f"/>
      </symbol>
      <symbol id="sm-7a1">
         <name>CO2_MSB</name>
         <value>0x1c64</value>
         <object_component_ref idref="oc-70f"/>
      </symbol>
      <symbol id="sm-7a2">
         <name>ARG_MSB</name>
         <value>0x1c6a</value>
         <object_component_ref idref="oc-70f"/>
      </symbol>
      <symbol id="sm-7a3">
         <name>UART_TX_BUFFER_PTR</name>
         <value>0x1c74</value>
         <object_component_ref idref="oc-70f"/>
      </symbol>
      <symbol id="sm-7a4">
         <name>UART_FILL_CMD_BUFFER_FLG</name>
         <value>0x1c82</value>
         <object_component_ref idref="oc-70f"/>
      </symbol>
      <symbol id="sm-7a5">
         <name>CO2_LSB</name>
         <value>0x1c65</value>
         <object_component_ref idref="oc-70f"/>
      </symbol>
      <symbol id="sm-7a6">
         <name>ARG_LSB</name>
         <value>0x1c6b</value>
         <object_component_ref idref="oc-70f"/>
      </symbol>
      <symbol id="sm-7a7">
         <name>UART_PEAK_RX_TIME</name>
         <value>0x1c7c</value>
         <object_component_ref idref="oc-70f"/>
      </symbol>
      <symbol id="sm-7a8">
         <name>TRACK_UART_TIME</name>
         <value>0x1c76</value>
         <object_component_ref idref="oc-70f"/>
      </symbol>
      <symbol id="sm-7a9">
         <name>UART_TIME</name>
         <value>0x1c78</value>
         <object_component_ref idref="oc-70f"/>
      </symbol>
      <symbol id="sm-7aa">
         <name>CMD</name>
         <value>0x1c68</value>
         <object_component_ref idref="oc-70f"/>
      </symbol>
      <symbol id="sm-7b6">
         <name>ERROR_VALUE</name>
         <value>0x1c35</value>
         <object_component_ref idref="oc-800"/>
      </symbol>
      <symbol id="sm-7c1">
         <name>init_hardware</name>
         <value>0x10000</value>
         <object_component_ref idref="oc-784"/>
      </symbol>
      <symbol id="sm-7c8">
         <name>data_ready_timing_byte</name>
         <value>0x1c83</value>
         <object_component_ref idref="oc-796"/>
      </symbol>
      <symbol id="sm-7f7">
         <name>SCD30_ALTITUDE</name>
         <value>0x1c32</value>
         <object_component_ref idref="oc-707"/>
      </symbol>
      <symbol id="sm-7f8">
         <name>HUNDRED_MS_COUNTER</name>
         <value>0x1c2c</value>
         <object_component_ref idref="oc-707"/>
      </symbol>
      <symbol id="sm-7f9">
         <name>SPI_SEND_MILLISECOND</name>
         <value>0x1c24</value>
         <object_component_ref idref="oc-707"/>
      </symbol>
      <symbol id="sm-7fa">
         <name>MFG_ID</name>
         <value>0x1c2a</value>
         <object_component_ref idref="oc-707"/>
      </symbol>
      <symbol id="sm-7fb">
         <name>SCD_init</name>
         <value>0x10976</value>
         <object_component_ref idref="oc-7b1"/>
      </symbol>
      <symbol id="sm-7fc">
         <name>SECOND</name>
         <value>0x1c1e</value>
         <object_component_ref idref="oc-707"/>
      </symbol>
      <symbol id="sm-7fd">
         <name>WIFI_RESET_COUNT</name>
         <value>0x1c30</value>
         <object_component_ref idref="oc-707"/>
      </symbol>
      <symbol id="sm-7fe">
         <name>FW_VERSION_MINOR</name>
         <value>0x1c2e</value>
         <object_component_ref idref="oc-707"/>
      </symbol>
      <symbol id="sm-7ff">
         <name>FW_VERSION_BUILD</name>
         <value>0x1c2f</value>
         <object_component_ref idref="oc-707"/>
      </symbol>
      <symbol id="sm-800">
         <name>SCD_STATUS</name>
         <value>0x1c34</value>
         <object_component_ref idref="oc-707"/>
      </symbol>
      <symbol id="sm-801">
         <name>main</name>
         <value>0x10156</value>
         <object_component_ref idref="oc-72f"/>
      </symbol>
      <symbol id="sm-802">
         <name>TEST_MILLISECOND</name>
         <value>0x1c26</value>
         <object_component_ref idref="oc-707"/>
      </symbol>
      <symbol id="sm-803">
         <name>U64HOLDER1</name>
         <value>0x1c0e</value>
         <object_component_ref idref="oc-707"/>
      </symbol>
      <symbol id="sm-804">
         <name>ONE_MILLISECOND</name>
         <value>0x1c1a</value>
         <object_component_ref idref="oc-707"/>
      </symbol>
      <symbol id="sm-805">
         <name>EE_WRITE_TIMER</name>
         <value>0x1c28</value>
         <object_component_ref idref="oc-707"/>
      </symbol>
      <symbol id="sm-806">
         <name>FW_VERSION_MAJOR</name>
         <value>0x1c2d</value>
         <object_component_ref idref="oc-707"/>
      </symbol>
      <symbol id="sm-807">
         <name>DELAY_MILLISECOND</name>
         <value>0x1c18</value>
         <object_component_ref idref="oc-707"/>
      </symbol>
      <symbol id="sm-808">
         <name>HALF_MILLISECOND</name>
         <value>0x1c16</value>
         <object_component_ref idref="oc-707"/>
      </symbol>
      <symbol id="sm-809">
         <name>U16_TRANSACTION_HOLDER</name>
         <value>0x1c00</value>
         <object_component_ref idref="oc-707"/>
      </symbol>
      <symbol id="sm-80a">
         <name>U64HOLDER</name>
         <value>0x1c06</value>
         <object_component_ref idref="oc-707"/>
      </symbol>
      <symbol id="sm-80b">
         <name>U32HOLDER</name>
         <value>0x1c02</value>
         <object_component_ref idref="oc-707"/>
      </symbol>
      <symbol id="sm-80c">
         <name>HUNDRED_MILLISECOND</name>
         <value>0x1c1c</value>
         <object_component_ref idref="oc-707"/>
      </symbol>
      <symbol id="sm-80d">
         <name>SCD_SECOND</name>
         <value>0x1c31</value>
         <object_component_ref idref="oc-707"/>
      </symbol>
      <symbol id="sm-80e">
         <name>MINUTE</name>
         <value>0x1c20</value>
         <object_component_ref idref="oc-707"/>
      </symbol>
      <symbol id="sm-80f">
         <name>EE_MILLISECOND_TIMER</name>
         <value>0x1c22</value>
         <object_component_ref idref="oc-707"/>
      </symbol>
      <symbol id="sm-8f3">
         <name>__TI_decompress_lzss</name>
         <value>0x10830</value>
         <object_component_ref idref="oc-81"/>
      </symbol>
      <symbol id="sm-904">
         <name>__TI_decompress_none</name>
         <value>0x10d54</value>
         <object_component_ref idref="oc-87"/>
      </symbol>
      <symbol id="sm-907">
         <name>__TI_int19</name>
         <value>0xffb6</value>
         <object_component_ref idref="oc-8d"/>
      </symbol>
      <symbol id="sm-90f">
         <name>__TI_ISR_TRAP</name>
         <value>0x42ba</value>
         <object_component_ref idref="oc-69f"/>
      </symbol>
      <symbol id="sm-912">
         <name>__TI_int20</name>
         <value>0xffb8</value>
         <object_component_ref idref="oc-8e"/>
      </symbol>
      <symbol id="sm-915">
         <name>__TI_int21</name>
         <value>0xffba</value>
         <object_component_ref idref="oc-8f"/>
      </symbol>
      <symbol id="sm-918">
         <name>__TI_int22</name>
         <value>0xffbc</value>
         <object_component_ref idref="oc-90"/>
      </symbol>
      <symbol id="sm-91b">
         <name>__TI_int24</name>
         <value>0xffc0</value>
         <object_component_ref idref="oc-92"/>
      </symbol>
      <symbol id="sm-91e">
         <name>__TI_int25</name>
         <value>0xffc2</value>
         <object_component_ref idref="oc-93"/>
      </symbol>
      <symbol id="sm-921">
         <name>__TI_int26</name>
         <value>0xffc4</value>
         <object_component_ref idref="oc-94"/>
      </symbol>
      <symbol id="sm-924">
         <name>__TI_int27</name>
         <value>0xffc6</value>
         <object_component_ref idref="oc-95"/>
      </symbol>
      <symbol id="sm-927">
         <name>__TI_int28</name>
         <value>0xffc8</value>
         <object_component_ref idref="oc-96"/>
      </symbol>
      <symbol id="sm-92a">
         <name>__TI_int29</name>
         <value>0xffca</value>
         <object_component_ref idref="oc-97"/>
      </symbol>
      <symbol id="sm-92d">
         <name>__TI_int30</name>
         <value>0xffcc</value>
         <object_component_ref idref="oc-98"/>
      </symbol>
      <symbol id="sm-930">
         <name>__TI_int31</name>
         <value>0xffce</value>
         <object_component_ref idref="oc-99"/>
      </symbol>
      <symbol id="sm-933">
         <name>__TI_int32</name>
         <value>0xffd0</value>
         <object_component_ref idref="oc-9a"/>
      </symbol>
      <symbol id="sm-936">
         <name>__TI_int33</name>
         <value>0xffd2</value>
         <object_component_ref idref="oc-9b"/>
      </symbol>
      <symbol id="sm-939">
         <name>__TI_int34</name>
         <value>0xffd4</value>
         <object_component_ref idref="oc-9c"/>
      </symbol>
      <symbol id="sm-93c">
         <name>__TI_int35</name>
         <value>0xffd6</value>
         <object_component_ref idref="oc-9d"/>
      </symbol>
      <symbol id="sm-93f">
         <name>__TI_int36</name>
         <value>0xffd8</value>
         <object_component_ref idref="oc-9e"/>
      </symbol>
      <symbol id="sm-942">
         <name>__TI_int37</name>
         <value>0xffda</value>
         <object_component_ref idref="oc-9f"/>
      </symbol>
      <symbol id="sm-945">
         <name>__TI_int38</name>
         <value>0xffdc</value>
         <object_component_ref idref="oc-a0"/>
      </symbol>
      <symbol id="sm-948">
         <name>__TI_int39</name>
         <value>0xffde</value>
         <object_component_ref idref="oc-a1"/>
      </symbol>
      <symbol id="sm-94b">
         <name>__TI_int40</name>
         <value>0xffe0</value>
         <object_component_ref idref="oc-a2"/>
      </symbol>
      <symbol id="sm-94e">
         <name>__TI_int41</name>
         <value>0xffe2</value>
         <object_component_ref idref="oc-a3"/>
      </symbol>
      <symbol id="sm-951">
         <name>__TI_int42</name>
         <value>0xffe4</value>
         <object_component_ref idref="oc-a4"/>
      </symbol>
      <symbol id="sm-954">
         <name>__TI_int44</name>
         <value>0xffe8</value>
         <object_component_ref idref="oc-a6"/>
      </symbol>
      <symbol id="sm-957">
         <name>__TI_int46</name>
         <value>0xffec</value>
         <object_component_ref idref="oc-a8"/>
      </symbol>
      <symbol id="sm-95a">
         <name>__TI_int47</name>
         <value>0xffee</value>
         <object_component_ref idref="oc-a9"/>
      </symbol>
      <symbol id="sm-95d">
         <name>__TI_int48</name>
         <value>0xfff0</value>
         <object_component_ref idref="oc-aa"/>
      </symbol>
      <symbol id="sm-960">
         <name>__TI_int49</name>
         <value>0xfff2</value>
         <object_component_ref idref="oc-ab"/>
      </symbol>
      <symbol id="sm-963">
         <name>__TI_int50</name>
         <value>0xfff4</value>
         <object_component_ref idref="oc-ac"/>
      </symbol>
      <symbol id="sm-966">
         <name>__TI_int51</name>
         <value>0xfff6</value>
         <object_component_ref idref="oc-ad"/>
      </symbol>
      <symbol id="sm-969">
         <name>__TI_int52</name>
         <value>0xfff8</value>
         <object_component_ref idref="oc-ae"/>
      </symbol>
      <symbol id="sm-96c">
         <name>__TI_int53</name>
         <value>0xfffa</value>
         <object_component_ref idref="oc-af"/>
      </symbol>
      <symbol id="sm-96f">
         <name>__TI_int54</name>
         <value>0xfffc</value>
         <object_component_ref idref="oc-b0"/>
      </symbol>
      <symbol id="sm-982">
         <name>__TI_zero_init_nomemset</name>
         <value>0x10cb0</value>
         <object_component_ref idref="oc-6b6"/>
      </symbol>
      <symbol id="sm-999">
         <name>__mspabi_fixfi</name>
         <value>0x1090e</value>
         <object_component_ref idref="oc-81a"/>
      </symbol>
      <symbol id="sm-9a8">
         <name>__mspabi_fixfu</name>
         <value>0x10b04</value>
         <object_component_ref idref="oc-815"/>
      </symbol>
      <symbol id="sm-9b4">
         <name>__mspabi_mpyi_f5hw</name>
         <value>0x10d3c</value>
         <object_component_ref idref="oc-839"/>
      </symbol>
      <symbol id="sm-9c2">
         <name>__mspabi_slll_9</name>
         <value>0x10ba0</value>
         <object_component_ref idref="oc-89e"/>
      </symbol>
      <symbol id="sm-9c3">
         <name>__mspabi_slll_8</name>
         <value>0x10ba4</value>
         <object_component_ref idref="oc-89e"/>
      </symbol>
      <symbol id="sm-9c4">
         <name>__mspabi_slll_7</name>
         <value>0x10ba8</value>
         <object_component_ref idref="oc-89e"/>
      </symbol>
      <symbol id="sm-9c5">
         <name>__mspabi_slll_6</name>
         <value>0x10bac</value>
         <object_component_ref idref="oc-89e"/>
      </symbol>
      <symbol id="sm-9c6">
         <name>__mspabi_slll_5</name>
         <value>0x10bb0</value>
         <object_component_ref idref="oc-89e"/>
      </symbol>
      <symbol id="sm-9c7">
         <name>__mspabi_slll_4</name>
         <value>0x10bb4</value>
         <object_component_ref idref="oc-89e"/>
      </symbol>
      <symbol id="sm-9c8">
         <name>__mspabi_slll_3</name>
         <value>0x10bb8</value>
         <object_component_ref idref="oc-89e"/>
      </symbol>
      <symbol id="sm-9c9">
         <name>__mspabi_slll_2</name>
         <value>0x10bbc</value>
         <object_component_ref idref="oc-89e"/>
      </symbol>
      <symbol id="sm-9ca">
         <name>__mspabi_slll_1</name>
         <value>0x10bc0</value>
         <object_component_ref idref="oc-89e"/>
      </symbol>
      <symbol id="sm-9cb">
         <name>__mspabi_slll_15</name>
         <value>0x10b88</value>
         <object_component_ref idref="oc-89e"/>
      </symbol>
      <symbol id="sm-9cc">
         <name>__mspabi_slll_14</name>
         <value>0x10b8c</value>
         <object_component_ref idref="oc-89e"/>
      </symbol>
      <symbol id="sm-9cd">
         <name>__mspabi_slll_13</name>
         <value>0x10b90</value>
         <object_component_ref idref="oc-89e"/>
      </symbol>
      <symbol id="sm-9ce">
         <name>__mspabi_slll_12</name>
         <value>0x10b94</value>
         <object_component_ref idref="oc-89e"/>
      </symbol>
      <symbol id="sm-9cf">
         <name>__mspabi_slll_11</name>
         <value>0x10b98</value>
         <object_component_ref idref="oc-89e"/>
      </symbol>
      <symbol id="sm-9d0">
         <name>__mspabi_slll_10</name>
         <value>0x10b9c</value>
         <object_component_ref idref="oc-89e"/>
      </symbol>
      <symbol id="sm-9e2">
         <name>_c_int00_noargs_mpu</name>
         <value>0x429a</value>
         <object_component_ref idref="oc-6e0"/>
      </symbol>
      <symbol id="sm-9e3">
         <name>_stack</name>
         <value>0x3b60</value>
         <object_component_ref idref="oc-683"/>
      </symbol>
      <symbol id="sm-9e4">
         <name>_reset_vector</name>
         <value>0xfffe</value>
         <object_component_ref idref="oc-686"/>
      </symbol>
      <symbol id="sm-9ed">
         <name>__mpu_init</name>
         <value>0x10c3a</value>
         <object_component_ref idref="oc-741"/>
      </symbol>
      <symbol id="sm-a10">
         <name>__TI_auto_init_nobinit_nopinit_hold_wdt</name>
         <value>0x107b8</value>
         <object_component_ref idref="oc-7de"/>
      </symbol>
      <symbol id="sm-a20">
         <name>__mspabi_sral</name>
         <value>0x10d7c</value>
         <object_component_ref idref="oc-8ff"/>
      </symbol>
      <symbol id="sm-a21">
         <name>__mspabi_sral_15</name>
         <value>0x10b4a</value>
         <object_component_ref idref="oc-876"/>
      </symbol>
      <symbol id="sm-a22">
         <name>__mspabi_sral_14</name>
         <value>0x10b4e</value>
         <object_component_ref idref="oc-876"/>
      </symbol>
      <symbol id="sm-a23">
         <name>__mspabi_sral_13</name>
         <value>0x10b52</value>
         <object_component_ref idref="oc-876"/>
      </symbol>
      <symbol id="sm-a24">
         <name>__mspabi_sral_12</name>
         <value>0x10b56</value>
         <object_component_ref idref="oc-876"/>
      </symbol>
      <symbol id="sm-a25">
         <name>__mspabi_sral_11</name>
         <value>0x10b5a</value>
         <object_component_ref idref="oc-876"/>
      </symbol>
      <symbol id="sm-a26">
         <name>__mspabi_sral_10</name>
         <value>0x10b5e</value>
         <object_component_ref idref="oc-876"/>
      </symbol>
      <symbol id="sm-a27">
         <name>__mspabi_sral_8</name>
         <value>0x10b66</value>
         <object_component_ref idref="oc-876"/>
      </symbol>
      <symbol id="sm-a28">
         <name>__mspabi_sral_9</name>
         <value>0x10b62</value>
         <object_component_ref idref="oc-876"/>
      </symbol>
      <symbol id="sm-a29">
         <name>__mspabi_sral_6</name>
         <value>0x10b6e</value>
         <object_component_ref idref="oc-876"/>
      </symbol>
      <symbol id="sm-a2a">
         <name>__mspabi_sral_7</name>
         <value>0x10b6a</value>
         <object_component_ref idref="oc-876"/>
      </symbol>
      <symbol id="sm-a2b">
         <name>__mspabi_sral_4</name>
         <value>0x10b76</value>
         <object_component_ref idref="oc-876"/>
      </symbol>
      <symbol id="sm-a2c">
         <name>__mspabi_sral_5</name>
         <value>0x10b72</value>
         <object_component_ref idref="oc-876"/>
      </symbol>
      <symbol id="sm-a2d">
         <name>__mspabi_sral_2</name>
         <value>0x10b7e</value>
         <object_component_ref idref="oc-876"/>
      </symbol>
      <symbol id="sm-a2e">
         <name>__mspabi_sral_3</name>
         <value>0x10b7a</value>
         <object_component_ref idref="oc-876"/>
      </symbol>
      <symbol id="sm-a2f">
         <name>__mspabi_sral_1</name>
         <value>0x10b82</value>
         <object_component_ref idref="oc-876"/>
      </symbol>
      <symbol id="sm-a38">
         <name>_system_post_cinit</name>
         <value>0x10dc6</value>
         <object_component_ref idref="oc-87b"/>
      </symbol>
      <symbol id="sm-a41">
         <name>_system_pre_init</name>
         <value>0x10dc2</value>
         <object_component_ref idref="oc-729"/>
      </symbol>
      <symbol id="sm-a4c">
         <name>C$$EXIT</name>
         <value>0x10dbc</value>
         <object_component_ref idref="oc-7ba"/>
      </symbol>
      <symbol id="sm-a4d">
         <name>abort</name>
         <value>0x10dbc</value>
         <object_component_ref idref="oc-7ba"/>
      </symbol>
      <symbol id="sm-a63">
         <name>memcpy</name>
         <value>0x10bc6</value>
         <object_component_ref idref="oc-692"/>
      </symbol>
      <symbol id="sm-a74">
         <name>roundf</name>
         <value>0x10674</value>
         <object_component_ref idref="oc-80f"/>
      </symbol>
      <symbol id="sm-a8f">
         <name>__mspabi_subf</name>
         <value>0x102a8</value>
         <object_component_ref idref="oc-8aa"/>
      </symbol>
      <symbol id="sm-a90">
         <name>__mspabi_addf</name>
         <value>0x102ae</value>
         <object_component_ref idref="oc-8aa"/>
      </symbol>
      <symbol id="sm-aa0">
         <name>__mspabi_cmpf</name>
         <value>0x10a72</value>
         <object_component_ref idref="oc-8b5"/>
      </symbol>
      <symbol id="sm-aa9">
         <name>__mspabi_negf</name>
         <value>0x10db2</value>
         <object_component_ref idref="oc-8ba"/>
      </symbol>
      <symbol id="sm-acb">
         <name>floorf</name>
         <value>0x104e0</value>
         <object_component_ref idref="oc-8af"/>
      </symbol>
   </symbol_table>
   <title>Link successful</title>
</link_info>
